 Container pgtrace-loadgen-run-b4490c020e70 Creating 
 Container pgtrace-loadgen-run-b4490c020e70 Created 
pgbench (17.11 (Debian 17.11-1.pgdg13+2))
progress: 60.0 s, 20.1 tps, lat 4.746 ms stddev 3.242, 0 failed, lag 2.517 ms, 0 retried, 0 retries
progress: 120.0 s, 20.2 tps, lat 7.660 ms stddev 14.060, 0 failed, lag 2.870 ms, 0 retried, 0 retries
progress: 180.0 s, 18.9 tps, lat 6.860 ms stddev 11.213, 0 failed, lag 2.683 ms, 0 retried, 0 retries
progress: 240.0 s, 21.0 tps, lat 7.052 ms stddev 11.155, 0 failed, lag 2.648 ms, 0 retried, 0 retries
progress: 300.0 s, 21.3 tps, lat 8.629 ms stddev 59.873, 0 failed, lag 3.636 ms, 0 retried, 0 retries
progress: 360.0 s, 20.5 tps, lat 6.685 ms stddev 9.733, 0 failed, lag 2.640 ms, 0 retried, 0 retries
progress: 420.0 s, 18.8 tps, lat 6.654 ms stddev 9.823, 0 failed, lag 2.651 ms, 0 retried, 0 retries
progress: 480.0 s, 19.6 tps, lat 6.796 ms stddev 11.512, 0 failed, lag 2.824 ms, 0 retried, 0 retries
progress: 540.0 s, 20.0 tps, lat 6.387 ms stddev 7.073, 0 failed, lag 2.577 ms, 0 retried, 0 retries
progress: 600.0 s, 18.4 tps, lat 5.893 ms stddev 6.442, 0 failed, lag 2.567 ms, 0 retried, 0 retries
progress: 660.0 s, 19.6 tps, lat 7.329 ms stddev 15.382, 0 failed, lag 3.008 ms, 0 retried, 0 retries
progress: 720.0 s, 20.7 tps, lat 6.679 ms stddev 8.336, 0 failed, lag 2.719 ms, 0 retried, 0 retries
progress: 780.0 s, 19.9 tps, lat 6.107 ms stddev 6.718, 0 failed, lag 2.559 ms, 0 retried, 0 retries
progress: 840.0 s, 20.5 tps, lat 6.766 ms stddev 22.692, 0 failed, lag 2.661 ms, 0 retried, 0 retries
progress: 900.0 s, 19.8 tps, lat 6.542 ms stddev 9.682, 0 failed, lag 2.546 ms, 0 retried, 0 retries
progress: 960.0 s, 19.7 tps, lat 6.547 ms stddev 11.002, 0 failed, lag 2.683 ms, 0 retried, 0 retries
progress: 1020.0 s, 20.1 tps, lat 6.720 ms stddev 9.054, 0 failed, lag 2.684 ms, 0 retried, 0 retries
progress: 1080.0 s, 20.0 tps, lat 6.733 ms stddev 9.513, 0 failed, lag 2.689 ms, 0 retried, 0 retries
progress: 1140.0 s, 21.1 tps, lat 8.324 ms stddev 74.078, 0 failed, lag 2.591 ms, 0 retried, 0 retries
progress: 1200.0 s, 20.2 tps, lat 6.610 ms stddev 8.712, 0 failed, lag 2.639 ms, 0 retried, 0 retries
progress: 1260.0 s, 20.0 tps, lat 6.714 ms stddev 9.376, 0 failed, lag 2.672 ms, 0 retried, 0 retries
progress: 1320.0 s, 19.2 tps, lat 7.083 ms stddev 12.163, 0 failed, lag 2.759 ms, 0 retried, 0 retries
progress: 1380.0 s, 19.2 tps, lat 7.025 ms stddev 9.887, 0 failed, lag 2.724 ms, 0 retried, 0 retries
progress: 1440.0 s, 20.3 tps, lat 8.309 ms stddev 60.311, 0 failed, lag 2.637 ms, 0 retried, 0 retries
progress: 1500.0 s, 21.8 tps, lat 6.447 ms stddev 7.455, 0 failed, lag 2.625 ms, 0 retried, 0 retries
progress: 1560.0 s, 20.5 tps, lat 6.708 ms stddev 9.508, 0 failed, lag 2.678 ms, 0 retried, 0 retries
progress: 1620.0 s, 20.3 tps, lat 6.970 ms stddev 10.232, 0 failed, lag 2.721 ms, 0 retried, 0 retries
progress: 1680.0 s, 19.8 tps, lat 7.019 ms stddev 10.192, 0 failed, lag 2.695 ms, 0 retried, 0 retries
progress: 1740.0 s, 19.8 tps, lat 6.444 ms stddev 7.952, 0 failed, lag 2.636 ms, 0 retried, 0 retries
progress: 1800.0 s, 19.2 tps, lat 6.299 ms stddev 7.301, 0 failed, lag 2.593 ms, 0 retried, 0 retries
progress: 1860.0 s, 19.6 tps, lat 6.690 ms stddev 9.119, 0 failed, lag 2.684 ms, 0 retried, 0 retries
progress: 1920.0 s, 20.3 tps, lat 6.326 ms stddev 6.882, 0 failed, lag 2.656 ms, 0 retried, 0 retries
progress: 1980.0 s, 21.2 tps, lat 7.087 ms stddev 11.924, 0 failed, lag 2.662 ms, 0 retried, 0 retries
progress: 2040.0 s, 21.3 tps, lat 6.465 ms stddev 9.005, 0 failed, lag 2.660 ms, 0 retried, 0 retries
progress: 2100.0 s, 20.1 tps, lat 6.756 ms stddev 41.029, 0 failed, lag 2.577 ms, 0 retried, 0 retries
progress: 2160.0 s, 20.3 tps, lat 6.607 ms stddev 7.277, 0 failed, lag 2.577 ms, 0 retried, 0 retries
progress: 2220.0 s, 20.6 tps, lat 6.532 ms stddev 7.588, 0 failed, lag 2.605 ms, 0 retried, 0 retries
progress: 2280.0 s, 20.1 tps, lat 9.162 ms stddev 66.401, 0 failed, lag 2.859 ms, 0 retried, 0 retries
progress: 2340.0 s, 20.3 tps, lat 7.941 ms stddev 63.899, 0 failed, lag 2.595 ms, 0 retried, 0 retries
progress: 2400.0 s, 19.7 tps, lat 8.459 ms stddev 66.381, 0 failed, lag 2.654 ms, 0 retried, 0 retries
progress: 2460.0 s, 20.3 tps, lat 6.668 ms stddev 8.713, 0 failed, lag 2.707 ms, 0 retried, 0 retries
progress: 2520.0 s, 20.0 tps, lat 6.870 ms stddev 10.195, 0 failed, lag 2.624 ms, 0 retried, 0 retries
progress: 2580.0 s, 18.9 tps, lat 7.270 ms stddev 12.498, 0 failed, lag 2.884 ms, 0 retried, 0 retries
progress: 2640.0 s, 19.8 tps, lat 6.364 ms stddev 6.837, 0 failed, lag 2.707 ms, 0 retried, 0 retries
progress: 2700.0 s, 20.0 tps, lat 9.232 ms stddev 78.616, 0 failed, lag 2.618 ms, 0 retried, 0 retries
progress: 2760.0 s, 20.4 tps, lat 6.827 ms stddev 9.630, 0 failed, lag 2.753 ms, 0 retried, 0 retries
progress: 2820.0 s, 20.7 tps, lat 6.335 ms stddev 6.488, 0 failed, lag 2.643 ms, 0 retried, 0 retries
progress: 2880.0 s, 20.1 tps, lat 6.456 ms stddev 9.817, 0 failed, lag 2.757 ms, 0 retried, 0 retries
progress: 2940.0 s, 20.2 tps, lat 6.740 ms stddev 10.708, 0 failed, lag 2.807 ms, 0 retried, 0 retries
progress: 3000.0 s, 19.8 tps, lat 9.319 ms stddev 70.347, 0 failed, lag 2.733 ms, 0 retried, 0 retries
progress: 3060.0 s, 20.2 tps, lat 6.963 ms stddev 9.486, 0 failed, lag 2.839 ms, 0 retried, 0 retries
progress: 3120.0 s, 20.3 tps, lat 7.491 ms stddev 11.882, 0 failed, lag 2.774 ms, 0 retried, 0 retries
progress: 3180.0 s, 20.1 tps, lat 6.611 ms stddev 9.941, 0 failed, lag 2.709 ms, 0 retried, 0 retries
progress: 3240.0 s, 20.1 tps, lat 7.344 ms stddev 25.246, 0 failed, lag 2.649 ms, 0 retried, 0 retries
progress: 3300.0 s, 20.1 tps, lat 6.589 ms stddev 7.550, 0 failed, lag 2.679 ms, 0 retried, 0 retries
progress: 3360.0 s, 19.9 tps, lat 6.405 ms stddev 9.074, 0 failed, lag 2.687 ms, 0 retried, 0 retries
progress: 3420.0 s, 20.4 tps, lat 6.855 ms stddev 8.444, 0 failed, lag 2.684 ms, 0 retried, 0 retries
progress: 3480.0 s, 20.7 tps, lat 6.514 ms stddev 8.848, 0 failed, lag 2.689 ms, 0 retried, 0 retries
progress: 3540.0 s, 20.4 tps, lat 6.921 ms stddev 9.637, 0 failed, lag 2.747 ms, 0 retried, 0 retries
progress: 3600.0 s, 20.0 tps, lat 7.381 ms stddev 11.586, 0 failed, lag 2.745 ms, 0 retried, 0 retries
progress: 3660.0 s, 20.5 tps, lat 7.031 ms stddev 9.394, 0 failed, lag 2.651 ms, 0 retried, 0 retries
progress: 3720.0 s, 21.6 tps, lat 6.013 ms stddev 5.049, 0 failed, lag 2.582 ms, 0 retried, 0 retries
progress: 3780.0 s, 20.1 tps, lat 6.478 ms stddev 6.977, 0 failed, lag 2.645 ms, 0 retried, 0 retries
progress: 3840.0 s, 20.2 tps, lat 6.075 ms stddev 6.344, 0 failed, lag 2.581 ms, 0 retried, 0 retries
progress: 3900.0 s, 19.9 tps, lat 6.285 ms stddev 6.329, 0 failed, lag 2.653 ms, 0 retried, 0 retries
progress: 3960.0 s, 20.3 tps, lat 7.098 ms stddev 11.169, 0 failed, lag 2.737 ms, 0 retried, 0 retries
progress: 4020.0 s, 19.5 tps, lat 6.752 ms stddev 9.242, 0 failed, lag 2.724 ms, 0 retried, 0 retries
progress: 4080.0 s, 19.4 tps, lat 7.885 ms stddev 43.299, 0 failed, lag 2.713 ms, 0 retried, 0 retries
progress: 4140.0 s, 19.8 tps, lat 6.721 ms stddev 10.038, 0 failed, lag 2.715 ms, 0 retried, 0 retries
progress: 4200.0 s, 20.3 tps, lat 6.771 ms stddev 9.404, 0 failed, lag 2.691 ms, 0 retried, 0 retries
progress: 4260.0 s, 20.2 tps, lat 7.128 ms stddev 9.497, 0 failed, lag 2.732 ms, 0 retried, 0 retries
progress: 4320.0 s, 19.5 tps, lat 7.444 ms stddev 35.299, 0 failed, lag 2.698 ms, 0 retried, 0 retries
progress: 4380.0 s, 20.1 tps, lat 6.379 ms stddev 7.152, 0 failed, lag 2.622 ms, 0 retried, 0 retries
progress: 4440.0 s, 20.8 tps, lat 6.749 ms stddev 8.702, 0 failed, lag 2.675 ms, 0 retried, 0 retries
progress: 4500.0 s, 20.5 tps, lat 7.339 ms stddev 10.928, 0 failed, lag 2.785 ms, 0 retried, 0 retries
progress: 4560.0 s, 19.1 tps, lat 6.446 ms stddev 8.577, 0 failed, lag 2.666 ms, 0 retried, 0 retries
progress: 4620.0 s, 20.8 tps, lat 9.016 ms stddev 74.724, 0 failed, lag 2.669 ms, 0 retried, 0 retries
progress: 4680.0 s, 20.9 tps, lat 8.549 ms stddev 65.458, 0 failed, lag 2.659 ms, 0 retried, 0 retries
progress: 4740.0 s, 19.6 tps, lat 7.031 ms stddev 9.902, 0 failed, lag 2.655 ms, 0 retried, 0 retries
progress: 4800.0 s, 20.6 tps, lat 6.728 ms stddev 9.634, 0 failed, lag 2.672 ms, 0 retried, 0 retries
progress: 4860.0 s, 19.6 tps, lat 6.525 ms stddev 7.380, 0 failed, lag 2.598 ms, 0 retried, 0 retries
progress: 4920.0 s, 20.3 tps, lat 7.073 ms stddev 11.250, 0 failed, lag 2.836 ms, 0 retried, 0 retries
progress: 4980.0 s, 20.9 tps, lat 6.442 ms stddev 8.912, 0 failed, lag 2.630 ms, 0 retried, 0 retries
progress: 5040.0 s, 20.2 tps, lat 7.820 ms stddev 15.322, 0 failed, lag 3.137 ms, 0 retried, 0 retries
progress: 5100.0 s, 20.7 tps, lat 6.858 ms stddev 8.639, 0 failed, lag 2.655 ms, 0 retried, 0 retries
progress: 5160.0 s, 21.2 tps, lat 6.868 ms stddev 9.470, 0 failed, lag 2.668 ms, 0 retried, 0 retries
progress: 5220.0 s, 19.3 tps, lat 6.930 ms stddev 10.053, 0 failed, lag 2.590 ms, 0 retried, 0 retries
progress: 5280.0 s, 19.9 tps, lat 6.483 ms stddev 8.353, 0 failed, lag 2.594 ms, 0 retried, 0 retries
progress: 5340.0 s, 19.9 tps, lat 6.824 ms stddev 9.974, 0 failed, lag 2.717 ms, 0 retried, 0 retries
transaction type: /soak/gen/churn.sql
scaling factor: 1
query mode: simple
number of clients: 4
number of threads: 2
maximum number of tries: 20
duration: 5400 s
number of transactions actually processed: 108742
number of failed transactions: 0 (0.000%)
number of serialization failures: 0 (0.000%)
number of deadlock failures: 0 (0.000%)
number of transactions retried: 0 (0.000%)
total number of retries: 0
latency average = 6.970 ms
latency stddev = 25.812 ms
rate limit schedule lag: avg 2.698 (max 359.079) ms
average connection time = 2.517 ms
tps = 20.137475 (including reconnection times)
