 Container pgtrace-loadgen-run-c66fe5a6357c Creating 
 Container pgtrace-loadgen-run-c66fe5a6357c Created 
pgbench (17.11 (Debian 17.11-1.pgdg13+2))
progress: 60.0 s, 19.2 tps, lat 4.611 ms stddev 3.259, 0 failed, lag 2.502 ms, 0 retried, 0 retries
progress: 120.0 s, 20.2 tps, lat 8.712 ms stddev 34.293, 0 failed, lag 2.623 ms, 0 retried, 0 retries
progress: 180.0 s, 20.2 tps, lat 7.305 ms stddev 12.316, 0 failed, lag 2.632 ms, 0 retried, 0 retries
progress: 240.0 s, 19.3 tps, lat 7.520 ms stddev 11.754, 0 failed, lag 2.710 ms, 0 retried, 0 retries
progress: 300.0 s, 19.2 tps, lat 6.443 ms stddev 10.078, 0 failed, lag 2.617 ms, 0 retried, 0 retries
progress: 360.0 s, 20.3 tps, lat 6.409 ms stddev 7.820, 0 failed, lag 2.688 ms, 0 retried, 0 retries
progress: 420.0 s, 20.9 tps, lat 7.169 ms stddev 12.071, 0 failed, lag 2.649 ms, 0 retried, 0 retries
progress: 480.0 s, 20.0 tps, lat 7.293 ms stddev 11.969, 0 failed, lag 2.836 ms, 0 retried, 0 retries
progress: 540.0 s, 20.0 tps, lat 6.865 ms stddev 9.306, 0 failed, lag 2.622 ms, 0 retried, 0 retries
progress: 600.0 s, 19.9 tps, lat 7.789 ms stddev 15.156, 0 failed, lag 2.850 ms, 0 retried, 0 retries
progress: 660.0 s, 20.0 tps, lat 8.606 ms stddev 17.501, 0 failed, lag 3.056 ms, 0 retried, 0 retries
progress: 720.0 s, 20.8 tps, lat 9.103 ms stddev 36.255, 0 failed, lag 3.157 ms, 0 retried, 0 retries
progress: 780.0 s, 20.2 tps, lat 6.997 ms stddev 9.937, 0 failed, lag 2.657 ms, 0 retried, 0 retries
progress: 840.0 s, 20.7 tps, lat 8.331 ms stddev 15.725, 0 failed, lag 2.865 ms, 0 retried, 0 retries
progress: 900.0 s, 20.3 tps, lat 7.578 ms stddev 24.819, 0 failed, lag 2.639 ms, 0 retried, 0 retries
progress: 960.0 s, 20.7 tps, lat 6.706 ms stddev 8.091, 0 failed, lag 2.674 ms, 0 retried, 0 retries
progress: 1020.0 s, 19.6 tps, lat 7.980 ms stddev 13.231, 0 failed, lag 3.044 ms, 0 retried, 0 retries
progress: 1080.0 s, 19.6 tps, lat 10.404 ms stddev 81.281, 0 failed, lag 2.763 ms, 0 retried, 0 retries
progress: 1140.0 s, 20.3 tps, lat 7.501 ms stddev 12.218, 0 failed, lag 2.736 ms, 0 retried, 0 retries
progress: 1200.0 s, 19.9 tps, lat 8.424 ms stddev 16.733, 0 failed, lag 3.156 ms, 0 retried, 0 retries
progress: 1260.0 s, 20.7 tps, lat 7.301 ms stddev 11.576, 0 failed, lag 2.638 ms, 0 retried, 0 retries
progress: 1320.0 s, 19.9 tps, lat 7.705 ms stddev 15.819, 0 failed, lag 2.970 ms, 0 retried, 0 retries
progress: 1380.0 s, 20.4 tps, lat 8.035 ms stddev 13.783, 0 failed, lag 2.883 ms, 0 retried, 0 retries
progress: 1440.0 s, 18.9 tps, lat 6.854 ms stddev 9.322, 0 failed, lag 2.695 ms, 0 retried, 0 retries
progress: 1500.0 s, 19.4 tps, lat 7.228 ms stddev 11.225, 0 failed, lag 2.676 ms, 0 retried, 0 retries
progress: 1560.0 s, 20.2 tps, lat 8.624 ms stddev 63.175, 0 failed, lag 2.656 ms, 0 retried, 0 retries
progress: 1620.0 s, 19.9 tps, lat 7.890 ms stddev 14.551, 0 failed, lag 2.926 ms, 0 retried, 0 retries
progress: 1680.0 s, 18.9 tps, lat 7.564 ms stddev 11.834, 0 failed, lag 2.750 ms, 0 retried, 0 retries
progress: 1740.0 s, 19.9 tps, lat 7.182 ms stddev 10.185, 0 failed, lag 2.703 ms, 0 retried, 0 retries
progress: 1800.0 s, 20.1 tps, lat 7.327 ms stddev 11.698, 0 failed, lag 2.610 ms, 0 retried, 0 retries
progress: 1860.0 s, 20.3 tps, lat 7.357 ms stddev 11.727, 0 failed, lag 2.635 ms, 0 retried, 0 retries
progress: 1920.0 s, 20.2 tps, lat 7.868 ms stddev 13.139, 0 failed, lag 2.821 ms, 0 retried, 0 retries
progress: 1980.0 s, 19.8 tps, lat 8.102 ms stddev 36.277, 0 failed, lag 2.781 ms, 0 retried, 0 retries
progress: 2040.0 s, 19.6 tps, lat 7.511 ms stddev 14.815, 0 failed, lag 2.774 ms, 0 retried, 0 retries
progress: 2100.0 s, 20.3 tps, lat 7.224 ms stddev 11.419, 0 failed, lag 2.659 ms, 0 retried, 0 retries
progress: 2160.0 s, 20.7 tps, lat 7.059 ms stddev 11.714, 0 failed, lag 2.944 ms, 0 retried, 0 retries
progress: 2220.0 s, 20.7 tps, lat 7.507 ms stddev 11.678, 0 failed, lag 2.704 ms, 0 retried, 0 retries
progress: 2280.0 s, 20.1 tps, lat 7.331 ms stddev 10.952, 0 failed, lag 2.628 ms, 0 retried, 0 retries
progress: 2340.0 s, 20.8 tps, lat 7.422 ms stddev 10.923, 0 failed, lag 2.723 ms, 0 retried, 0 retries
progress: 2400.0 s, 20.1 tps, lat 7.360 ms stddev 10.538, 0 failed, lag 2.670 ms, 0 retried, 0 retries
progress: 2460.0 s, 20.8 tps, lat 7.802 ms stddev 32.416, 0 failed, lag 2.805 ms, 0 retried, 0 retries
progress: 2520.0 s, 20.9 tps, lat 7.280 ms stddev 15.083, 0 failed, lag 2.767 ms, 0 retried, 0 retries
progress: 2580.0 s, 19.8 tps, lat 7.743 ms stddev 13.338, 0 failed, lag 2.840 ms, 0 retried, 0 retries
progress: 2640.0 s, 20.6 tps, lat 7.050 ms stddev 9.455, 0 failed, lag 2.727 ms, 0 retried, 0 retries
progress: 2700.0 s, 19.4 tps, lat 7.629 ms stddev 13.188, 0 failed, lag 2.623 ms, 0 retried, 0 retries
progress: 2760.0 s, 20.0 tps, lat 7.534 ms stddev 12.430, 0 failed, lag 2.781 ms, 0 retried, 0 retries
progress: 2820.0 s, 20.0 tps, lat 7.346 ms stddev 11.986, 0 failed, lag 2.696 ms, 0 retried, 0 retries
progress: 2880.0 s, 20.2 tps, lat 7.674 ms stddev 11.973, 0 failed, lag 2.756 ms, 0 retried, 0 retries
progress: 2940.0 s, 20.4 tps, lat 8.399 ms stddev 14.847, 0 failed, lag 2.885 ms, 0 retried, 0 retries
progress: 3000.0 s, 20.1 tps, lat 7.965 ms stddev 15.442, 0 failed, lag 2.942 ms, 0 retried, 0 retries
progress: 3060.0 s, 21.1 tps, lat 8.508 ms stddev 15.909, 0 failed, lag 2.922 ms, 0 retried, 0 retries
progress: 3120.0 s, 19.4 tps, lat 7.546 ms stddev 12.160, 0 failed, lag 2.736 ms, 0 retried, 0 retries
progress: 3180.0 s, 19.0 tps, lat 7.419 ms stddev 13.790, 0 failed, lag 2.698 ms, 0 retried, 0 retries
progress: 3240.0 s, 19.9 tps, lat 8.385 ms stddev 15.742, 0 failed, lag 2.988 ms, 0 retried, 0 retries
progress: 3300.0 s, 20.1 tps, lat 10.055 ms stddev 83.154, 0 failed, lag 2.765 ms, 0 retried, 0 retries
progress: 3360.0 s, 20.2 tps, lat 7.990 ms stddev 13.951, 0 failed, lag 2.792 ms, 0 retried, 0 retries
progress: 3420.0 s, 19.5 tps, lat 7.427 ms stddev 12.990, 0 failed, lag 2.744 ms, 0 retried, 0 retries
progress: 3480.0 s, 19.7 tps, lat 7.722 ms stddev 13.366, 0 failed, lag 2.723 ms, 0 retried, 0 retries
progress: 3540.0 s, 19.7 tps, lat 8.350 ms stddev 15.606, 0 failed, lag 2.776 ms, 0 retried, 0 retries
progress: 3600.0 s, 20.7 tps, lat 8.950 ms stddev 49.769, 0 failed, lag 3.200 ms, 0 retried, 0 retries
progress: 3660.0 s, 20.0 tps, lat 10.896 ms stddev 106.221, 0 failed, lag 2.853 ms, 0 retried, 0 retries
progress: 3720.0 s, 20.9 tps, lat 7.666 ms stddev 12.636, 0 failed, lag 2.757 ms, 0 retried, 0 retries
progress: 3780.0 s, 20.0 tps, lat 7.791 ms stddev 14.998, 0 failed, lag 2.687 ms, 0 retried, 0 retries
progress: 3840.0 s, 20.0 tps, lat 8.582 ms stddev 30.645, 0 failed, lag 2.725 ms, 0 retried, 0 retries
progress: 3900.0 s, 21.2 tps, lat 6.331 ms stddev 6.255, 0 failed, lag 2.604 ms, 0 retried, 0 retries
progress: 3960.0 s, 20.6 tps, lat 7.805 ms stddev 17.169, 0 failed, lag 2.898 ms, 0 retried, 0 retries
progress: 4020.0 s, 20.2 tps, lat 7.410 ms stddev 11.138, 0 failed, lag 2.725 ms, 0 retried, 0 retries
progress: 4080.0 s, 20.1 tps, lat 7.202 ms stddev 9.489, 0 failed, lag 2.702 ms, 0 retried, 0 retries
progress: 4140.0 s, 20.6 tps, lat 7.744 ms stddev 13.065, 0 failed, lag 2.762 ms, 0 retried, 0 retries
progress: 4200.0 s, 19.9 tps, lat 7.774 ms stddev 11.656, 0 failed, lag 2.809 ms, 0 retried, 0 retries
progress: 4260.0 s, 18.3 tps, lat 7.002 ms stddev 10.107, 0 failed, lag 2.597 ms, 0 retried, 0 retries
progress: 4320.0 s, 20.4 tps, lat 8.933 ms stddev 20.434, 0 failed, lag 3.176 ms, 0 retried, 0 retries
progress: 4380.0 s, 21.6 tps, lat 8.244 ms stddev 15.165, 0 failed, lag 2.889 ms, 0 retried, 0 retries
progress: 4440.0 s, 19.6 tps, lat 8.919 ms stddev 17.679, 0 failed, lag 3.195 ms, 0 retried, 0 retries
progress: 4500.0 s, 19.9 tps, lat 12.997 ms stddev 96.017, 0 failed, lag 3.627 ms, 0 retried, 0 retries
progress: 4560.0 s, 19.0 tps, lat 8.541 ms stddev 17.008, 0 failed, lag 2.682 ms, 0 retried, 0 retries
progress: 4620.0 s, 19.1 tps, lat 7.168 ms stddev 12.378, 0 failed, lag 2.576 ms, 0 retried, 0 retries
progress: 4680.0 s, 21.0 tps, lat 8.437 ms stddev 19.159, 0 failed, lag 2.934 ms, 0 retried, 0 retries
progress: 4740.0 s, 20.7 tps, lat 7.599 ms stddev 26.444, 0 failed, lag 2.664 ms, 0 retried, 0 retries
progress: 4800.0 s, 19.1 tps, lat 9.513 ms stddev 70.626, 0 failed, lag 2.581 ms, 0 retried, 0 retries
progress: 4860.0 s, 20.5 tps, lat 7.996 ms stddev 14.286, 0 failed, lag 2.781 ms, 0 retried, 0 retries
progress: 4920.0 s, 20.7 tps, lat 7.335 ms stddev 10.701, 0 failed, lag 2.766 ms, 0 retried, 0 retries
progress: 4980.0 s, 19.7 tps, lat 9.719 ms stddev 21.769, 0 failed, lag 3.154 ms, 0 retried, 0 retries
progress: 5040.0 s, 19.5 tps, lat 8.033 ms stddev 16.502, 0 failed, lag 2.818 ms, 0 retried, 0 retries
progress: 5100.0 s, 21.2 tps, lat 7.928 ms stddev 12.929, 0 failed, lag 2.662 ms, 0 retried, 0 retries
progress: 5160.0 s, 19.8 tps, lat 8.884 ms stddev 17.033, 0 failed, lag 2.884 ms, 0 retried, 0 retries
progress: 5220.0 s, 21.3 tps, lat 7.464 ms stddev 11.080, 0 failed, lag 2.630 ms, 0 retried, 0 retries
progress: 5280.0 s, 18.7 tps, lat 7.802 ms stddev 15.310, 0 failed, lag 2.691 ms, 0 retried, 0 retries
progress: 5340.0 s, 19.8 tps, lat 7.868 ms stddev 13.699, 0 failed, lag 2.923 ms, 0 retried, 0 retries
transaction type: /soak/gen/churn.sql
scaling factor: 1
query mode: simple
number of clients: 4
number of threads: 2
maximum number of tries: 20
duration: 5400 s
number of transactions actually processed: 108437
number of failed transactions: 0 (0.000%)
number of serialization failures: 0 (0.000%)
number of deadlock failures: 0 (0.000%)
number of transactions retried: 0 (0.000%)
total number of retries: 0
latency average = 7.869 ms
latency stddev = 27.050 ms
rate limit schedule lag: avg 2.788 (max 203.763) ms
average connection time = 2.515 ms
tps = 20.081155 (including reconnection times)
