 Container pgtrace-loadgen-run-b8857f1b823b Creating 
 Container pgtrace-loadgen-run-b8857f1b823b Created 
pgbench (17.11 (Debian 17.11-1.pgdg13+2))
progress: 60.0 s, 21.1 tps, lat 34.242 ms stddev 368.340, 0 failed, lag 2.483 ms, 2 retried, 7 retries
progress: 120.0 s, 19.3 tps, lat 32.105 ms stddev 142.219, 0 failed, lag 9.432 ms, 2 retried, 4 retries
progress: 180.0 s, 19.7 tps, lat 26.290 ms stddev 131.093, 0 failed, lag 0.529 ms, 2 retried, 4 retries
progress: 240.0 s, 19.8 tps, lat 24.075 ms stddev 78.631, 0 failed, lag 0.343 ms, 1 retried, 1 retries
progress: 300.0 s, 19.7 tps, lat 54.989 ms stddev 613.284, 0 failed, lag 5.916 ms, 3 retried, 15 retries
progress: 360.0 s, 20.8 tps, lat 23.749 ms stddev 80.879, 0 failed, lag 0.443 ms, 1 retried, 2 retries
progress: 420.0 s, 19.8 tps, lat 43.607 ms stddev 429.627, 0 failed, lag 0.913 ms, 3 retried, 10 retries
progress: 480.0 s, 19.5 tps, lat 25.428 ms stddev 88.232, 0 failed, lag 0.497 ms, 3 retried, 3 retries
progress: 540.0 s, 19.3 tps, lat 25.003 ms stddev 140.746, 0 failed, lag 0.107 ms, 1 retried, 1 retries
progress: 600.0 s, 20.7 tps, lat 34.955 ms stddev 178.077, 0 failed, lag 3.669 ms, 3 retried, 4 retries
progress: 660.0 s, 20.0 tps, lat 31.480 ms stddev 128.678, 0 failed, lag 1.817 ms, 1 retried, 2 retries
progress: 720.0 s, 19.5 tps, lat 26.101 ms stddev 87.350, 0 failed, lag 0.218 ms, 1 retried, 1 retries
progress: 780.0 s, 19.8 tps, lat 45.149 ms stddev 253.988, 0 failed, lag 10.367 ms, 4 retried, 10 retries
progress: 840.0 s, 20.4 tps, lat 22.761 ms stddev 38.169, 0 failed, lag 0.481 ms, 0 retried, 0 retries
progress: 900.0 s, 21.0 tps, lat 24.428 ms stddev 72.385, 0 failed, lag 0.207 ms, 0 retried, 0 retries
progress: 960.0 s, 20.5 tps, lat 19.815 ms stddev 42.161, 0 failed, lag 0.167 ms, 0 retried, 0 retries
progress: 1020.0 s, 19.7 tps, lat 23.558 ms stddev 93.624, 0 failed, lag 0.424 ms, 1 retried, 3 retries
progress: 1080.0 s, 19.2 tps, lat 49.118 ms stddev 408.780, 0 failed, lag 3.387 ms, 3 retried, 14 retries
progress: 1140.0 s, 19.9 tps, lat 35.221 ms stddev 217.508, 0 failed, lag 0.646 ms, 4 retried, 8 retries
progress: 1200.0 s, 20.3 tps, lat 76.209 ms stddev 424.532, 0 failed, lag 46.175 ms, 1 retried, 5 retries
progress: 1260.0 s, 20.5 tps, lat 21.763 ms stddev 65.478, 0 failed, lag 0.218 ms, 1 retried, 1 retries
progress: 1320.0 s, 19.5 tps, lat 28.587 ms stddev 272.903, 0 failed, lag 0.495 ms, 1 retried, 9 retries
progress: 1380.0 s, 19.9 tps, lat 41.089 ms stddev 238.304, 0 failed, lag 11.193 ms, 1 retried, 4 retries
progress: 1440.0 s, 19.8 tps, lat 27.870 ms stddev 158.923, 0 failed, lag 0.391 ms, 2 retried, 6 retries
progress: 1500.0 s, 21.4 tps, lat 24.093 ms stddev 104.175, 0 failed, lag 0.190 ms, 1 retried, 1 retries
progress: 1560.0 s, 19.5 tps, lat 23.789 ms stddev 153.273, 0 failed, lag 0.347 ms, 1 retried, 5 retries
progress: 1620.0 s, 18.8 tps, lat 20.291 ms stddev 32.405, 0 failed, lag 0.251 ms, 0 retried, 0 retries
progress: 1680.0 s, 20.9 tps, lat 26.146 ms stddev 173.474, 0 failed, lag 0.420 ms, 1 retried, 6 retries
progress: 1740.0 s, 20.2 tps, lat 24.012 ms stddev 88.012, 0 failed, lag 0.382 ms, 0 retried, 0 retries
progress: 1800.0 s, 20.6 tps, lat 22.612 ms stddev 106.987, 0 failed, lag 0.112 ms, 2 retried, 2 retries
progress: 1860.0 s, 19.7 tps, lat 92.484 ms stddev 608.950, 0 failed, lag 43.946 ms, 4 retried, 12 retries
progress: 1920.0 s, 20.2 tps, lat 22.514 ms stddev 45.723, 0 failed, lag 0.245 ms, 0 retried, 0 retries
progress: 1980.0 s, 20.0 tps, lat 139.829 ms stddev 799.975, 0 failed, lag 97.043 ms, 3 retried, 8 retries
progress: 2040.0 s, 20.4 tps, lat 28.698 ms stddev 139.968, 0 failed, lag 0.434 ms, 3 retried, 6 retries
progress: 2100.0 s, 20.3 tps, lat 134.396 ms stddev 744.326, 0 failed, lag 81.477 ms, 5 retried, 14 retries
progress: 2160.0 s, 20.0 tps, lat 20.773 ms stddev 34.267, 0 failed, lag 0.194 ms, 0 retried, 0 retries
progress: 2220.0 s, 19.5 tps, lat 78.065 ms stddev 517.650, 0 failed, lag 21.324 ms, 5 retried, 20 retries
progress: 2280.0 s, 19.8 tps, lat 21.337 ms stddev 46.019, 0 failed, lag 0.236 ms, 0 retried, 0 retries
progress: 2340.0 s, 19.3 tps, lat 36.021 ms stddev 249.120, 0 failed, lag 0.450 ms, 4 retried, 5 retries
progress: 2400.0 s, 21.0 tps, lat 25.445 ms stddev 72.438, 0 failed, lag 0.207 ms, 0 retried, 0 retries
progress: 2460.0 s, 18.9 tps, lat 20.772 ms stddev 42.958, 0 failed, lag 0.132 ms, 0 retried, 0 retries
progress: 2520.0 s, 19.8 tps, lat 21.749 ms stddev 67.370, 0 failed, lag 0.758 ms, 1 retried, 1 retries
progress: 2580.0 s, 20.2 tps, lat 25.435 ms stddev 72.869, 0 failed, lag 0.580 ms, 1 retried, 2 retries
progress: 2640.0 s, 21.0 tps, lat 41.821 ms stddev 270.072, 0 failed, lag 2.458 ms, 6 retried, 7 retries
progress: 2700.0 s, 20.6 tps, lat 31.353 ms stddev 132.133, 0 failed, lag 0.503 ms, 2 retried, 3 retries
progress: 2760.0 s, 20.2 tps, lat 24.135 ms stddev 91.981, 0 failed, lag 0.137 ms, 0 retried, 0 retries
progress: 2820.0 s, 20.5 tps, lat 29.558 ms stddev 210.993, 0 failed, lag 2.572 ms, 2 retried, 8 retries
progress: 2880.0 s, 20.9 tps, lat 23.959 ms stddev 45.932, 0 failed, lag 0.198 ms, 1 retried, 1 retries
progress: 2940.0 s, 19.7 tps, lat 29.849 ms stddev 168.441, 0 failed, lag 1.307 ms, 2 retried, 2 retries
progress: 3000.0 s, 20.5 tps, lat 48.708 ms stddev 326.091, 0 failed, lag 7.728 ms, 3 retried, 9 retries
progress: 3060.0 s, 19.1 tps, lat 24.542 ms stddev 93.206, 0 failed, lag 0.302 ms, 1 retried, 2 retries
progress: 3120.0 s, 20.5 tps, lat 28.440 ms stddev 185.297, 0 failed, lag 0.479 ms, 2 retried, 7 retries
progress: 3180.0 s, 19.7 tps, lat 22.424 ms stddev 43.994, 0 failed, lag 0.279 ms, 1 retried, 1 retries
progress: 3240.0 s, 20.7 tps, lat 54.949 ms stddev 454.798, 0 failed, lag 2.186 ms, 5 retried, 14 retries
progress: 3300.0 s, 20.8 tps, lat 29.253 ms stddev 116.830, 0 failed, lag 0.395 ms, 1 retried, 1 retries
progress: 3360.0 s, 19.6 tps, lat 25.258 ms stddev 48.809, 0 failed, lag 0.369 ms, 0 retried, 0 retries
progress: 3420.0 s, 19.5 tps, lat 28.289 ms stddev 87.226, 0 failed, lag 0.578 ms, 3 retried, 4 retries
progress: 3480.0 s, 19.8 tps, lat 23.210 ms stddev 56.810, 0 failed, lag 0.244 ms, 1 retried, 1 retries
progress: 3540.0 s, 19.4 tps, lat 25.571 ms stddev 111.896, 0 failed, lag 0.637 ms, 0 retried, 0 retries
progress: 3600.0 s, 19.9 tps, lat 22.125 ms stddev 36.124, 0 failed, lag 0.471 ms, 0 retried, 0 retries
progress: 3660.0 s, 20.7 tps, lat 31.993 ms stddev 158.677, 0 failed, lag 2.028 ms, 1 retried, 4 retries
progress: 3720.0 s, 20.8 tps, lat 23.173 ms stddev 37.032, 0 failed, lag 0.373 ms, 0 retried, 0 retries
progress: 3780.0 s, 20.3 tps, lat 53.478 ms stddev 243.504, 0 failed, lag 16.012 ms, 1 retried, 4 retries
progress: 3840.0 s, 21.4 tps, lat 25.420 ms stddev 74.817, 0 failed, lag 0.538 ms, 0 retried, 0 retries
progress: 3900.0 s, 20.2 tps, lat 19.314 ms stddev 29.959, 0 failed, lag 0.353 ms, 0 retried, 0 retries
progress: 3960.0 s, 19.1 tps, lat 163.431 ms stddev 839.678, 0 failed, lag 131.122 ms, 2 retried, 4 retries
progress: 4020.0 s, 19.8 tps, lat 413.004 ms stddev 1897.555, 0 failed, lag 337.375 ms, 4 retried, 15 retries
progress: 4080.0 s, 19.9 tps, lat 23.416 ms stddev 106.572, 0 failed, lag 0.141 ms, 0 retried, 0 retries
progress: 4140.0 s, 20.2 tps, lat 32.977 ms stddev 188.945, 0 failed, lag 1.091 ms, 2 retried, 4 retries
progress: 4200.0 s, 19.6 tps, lat 30.534 ms stddev 259.295, 0 failed, lag 0.343 ms, 2 retried, 7 retries
progress: 4260.0 s, 19.9 tps, lat 19.109 ms stddev 31.377, 0 failed, lag 0.302 ms, 0 retried, 0 retries
progress: 4320.0 s, 20.1 tps, lat 29.475 ms stddev 103.698, 0 failed, lag 0.312 ms, 4 retried, 4 retries
progress: 4380.0 s, 19.6 tps, lat 41.524 ms stddev 208.517, 0 failed, lag 6.288 ms, 2 retried, 4 retries
progress: 4440.0 s, 19.8 tps, lat 22.039 ms stddev 44.241, 0 failed, lag 0.063 ms, 0 retried, 0 retries
progress: 4500.0 s, 20.1 tps, lat 30.435 ms stddev 109.631, 0 failed, lag 3.836 ms, 2 retried, 2 retries
progress: 4560.0 s, 20.2 tps, lat 23.483 ms stddev 40.576, 0 failed, lag 0.450 ms, 0 retried, 0 retries
progress: 4620.0 s, 20.3 tps, lat 64.966 ms stddev 444.103, 0 failed, lag 14.299 ms, 5 retried, 14 retries
progress: 4680.0 s, 19.6 tps, lat 21.309 ms stddev 36.160, 0 failed, lag 0.228 ms, 0 retried, 0 retries
progress: 4740.0 s, 19.4 tps, lat 22.258 ms stddev 33.870, 0 failed, lag 0.293 ms, 0 retried, 0 retries
progress: 4800.0 s, 19.3 tps, lat 22.627 ms stddev 37.660, 0 failed, lag 0.333 ms, 0 retried, 0 retries
progress: 4860.0 s, 20.1 tps, lat 54.595 ms stddev 272.788, 0 failed, lag 24.617 ms, 4 retried, 7 retries
progress: 4920.0 s, 19.6 tps, lat 27.293 ms stddev 69.962, 0 failed, lag 0.397 ms, 1 retried, 2 retries
progress: 4980.0 s, 20.4 tps, lat 31.252 ms stddev 125.731, 0 failed, lag 0.704 ms, 1 retried, 1 retries
progress: 5040.0 s, 19.7 tps, lat 20.629 ms stddev 40.062, 0 failed, lag 0.341 ms, 0 retried, 0 retries
progress: 5100.0 s, 19.8 tps, lat 36.808 ms stddev 237.048, 0 failed, lag 0.617 ms, 2 retried, 9 retries
progress: 5160.0 s, 19.6 tps, lat 24.525 ms stddev 53.656, 0 failed, lag 0.333 ms, 0 retried, 0 retries
progress: 5220.0 s, 20.4 tps, lat 475.891 ms stddev 2134.443, 0 failed, lag 428.525 ms, 2 retried, 13 retries
progress: 5280.0 s, 20.0 tps, lat 21.885 ms stddev 36.457, 0 failed, lag 0.194 ms, 0 retried, 0 retries
progress: 5340.0 s, 20.1 tps, lat 24.407 ms stddev 74.394, 0 failed, lag 0.397 ms, 0 retried, 0 retries
transaction type: multiple scripts
scaling factor: 1
query mode: simple
number of clients: 8
number of threads: 4
maximum number of tries: 20
duration: 5400 s
number of transactions actually processed: 108160
number of failed transactions: 0 (0.000%)
number of serialization failures: 0 (0.000%)
number of deadlock failures: 0 (0.000%)
number of transactions retried: 137 (0.127%)
total number of retries: 350
latency average = 44.102 ms
latency stddev = 393.823 ms
rate limit schedule lag: avg 14.892 (max 14085.211) ms
initial connection time = 7.179 ms
tps = 20.029167 (without initial connection time)
SQL script 1: /soak/gen/big_insert_0.sql
 - weight: 6 (targets 6.0% of total)
 - 6395 transactions (5.9% of total, tps = 1.184232)
 - number of failed transactions: 0 (0.000%)
 - number of serialization failures: 0 (0.000%)
 - number of deadlock failures: 0 (0.000%)
 - number of transactions retried: 0 (0.000%)
 - total number of retries: 0
 - latency average = 30.698 ms
 - latency stddev = 286.561 ms
SQL script 2: /soak/gen/big_insert_1.sql
 - weight: 6 (targets 6.0% of total)
 - 6410 transactions (5.9% of total, tps = 1.187010)
 - number of failed transactions: 0 (0.000%)
 - number of serialization failures: 0 (0.000%)
 - number of deadlock failures: 0 (0.000%)
 - number of transactions retried: 0 (0.000%)
 - total number of retries: 0
 - latency average = 40.795 ms
 - latency stddev = 332.093 ms
SQL script 3: /soak/gen/big_insert_2.sql
 - weight: 6 (targets 6.0% of total)
 - 6416 transactions (5.9% of total, tps = 1.188121)
 - number of failed transactions: 0 (0.000%)
 - number of serialization failures: 0 (0.000%)
 - number of deadlock failures: 0 (0.000%)
 - number of transactions retried: 0 (0.000%)
 - total number of retries: 0
 - latency average = 40.270 ms
 - latency stddev = 387.580 ms
SQL script 4: /soak/gen/big_insert_3.sql
 - weight: 6 (targets 6.0% of total)
 - 6546 transactions (6.1% of total, tps = 1.212194)
 - number of failed transactions: 0 (0.000%)
 - number of serialization failures: 0 (0.000%)
 - number of deadlock failures: 0 (0.000%)
 - number of transactions retried: 0 (0.000%)
 - total number of retries: 0
 - latency average = 39.425 ms
 - latency stddev = 353.138 ms
SQL script 5: /soak/gen/big_replace_0.sql
 - weight: 8 (targets 8.0% of total)
 - 8752 transactions (8.1% of total, tps = 1.620703)
 - number of failed transactions: 0 (0.000%)
 - number of serialization failures: 0 (0.000%)
 - number of deadlock failures: 0 (0.000%)
 - number of transactions retried: 0 (0.000%)
 - total number of retries: 0
 - latency average = 18.975 ms
 - latency stddev = 275.235 ms
SQL script 6: /soak/gen/big_replace_1.sql
 - weight: 8 (targets 8.0% of total)
 - 8684 transactions (8.0% of total, tps = 1.608111)
 - number of failed transactions: 0 (0.000%)
 - number of serialization failures: 0 (0.000%)
 - number of deadlock failures: 0 (0.000%)
 - number of transactions retried: 0 (0.000%)
 - total number of retries: 0
 - latency average = 25.036 ms
 - latency stddev = 324.311 ms
SQL script 7: /soak/gen/big_replace_2.sql
 - weight: 8 (targets 8.0% of total)
 - 8664 transactions (8.0% of total, tps = 1.604407)
 - number of failed transactions: 0 (0.000%)
 - number of serialization failures: 0 (0.000%)
 - number of deadlock failures: 0 (0.000%)
 - number of transactions retried: 0 (0.000%)
 - total number of retries: 0
 - latency average = 22.892 ms
 - latency stddev = 318.962 ms
SQL script 8: /soak/gen/big_delete.sql
 - weight: 22 (targets 22.0% of total)
 - 23926 transactions (22.1% of total, tps = 4.430638)
 - number of failed transactions: 0 (0.000%)
 - number of serialization failures: 0 (0.000%)
 - number of deadlock failures: 0 (0.000%)
 - number of transactions retried: 117 (0.489%)
 - total number of retries: 325
 - latency average = 45.932 ms
 - latency stddev = 525.479 ms
SQL script 9: /soak/gen/big_txn.sql
 - weight: 30 (targets 30.0% of total)
 - 32367 transactions (29.9% of total, tps = 5.993750)
 - number of failed transactions: 0 (0.000%)
 - number of serialization failures: 0 (0.000%)
 - number of deadlock failures: 0 (0.000%)
 - number of transactions retried: 20 (0.062%)
 - total number of retries: 25
 - latency average = 65.345 ms
 - latency stddev = 379.842 ms
