 Container pgtrace-loadgen-run-fb5ce7500178 Creating 
 Container pgtrace-loadgen-run-fb5ce7500178 Created 
pgbench (17.11 (Debian 17.11-1.pgdg13+2))
progress: 60.0 s, 19.7 tps, lat 6.533 ms stddev 4.931, 0 failed, lag 2.520 ms, 0 retried, 0 retries
progress: 120.0 s, 20.7 tps, lat 6.317 ms stddev 6.879, 0 failed, lag 2.616 ms, 0 retried, 0 retries
progress: 180.0 s, 19.0 tps, lat 6.487 ms stddev 7.691, 0 failed, lag 2.631 ms, 0 retried, 0 retries
progress: 240.0 s, 19.6 tps, lat 6.556 ms stddev 8.845, 0 failed, lag 2.568 ms, 0 retried, 0 retries
progress: 300.0 s, 20.1 tps, lat 6.276 ms stddev 7.166, 0 failed, lag 2.640 ms, 0 retried, 0 retries
progress: 360.0 s, 19.9 tps, lat 7.397 ms stddev 12.779, 0 failed, lag 2.666 ms, 0 retried, 0 retries
progress: 420.0 s, 19.4 tps, lat 6.469 ms stddev 7.771, 0 failed, lag 2.548 ms, 0 retried, 0 retries
progress: 480.0 s, 20.9 tps, lat 7.391 ms stddev 11.385, 0 failed, lag 2.801 ms, 0 retried, 0 retries
progress: 540.0 s, 19.3 tps, lat 6.910 ms stddev 9.205, 0 failed, lag 2.790 ms, 0 retried, 0 retries
progress: 600.0 s, 21.0 tps, lat 7.590 ms stddev 15.106, 0 failed, lag 2.938 ms, 0 retried, 0 retries
progress: 660.0 s, 19.7 tps, lat 8.545 ms stddev 60.106, 0 failed, lag 2.697 ms, 0 retried, 0 retries
progress: 720.0 s, 19.7 tps, lat 6.685 ms stddev 8.521, 0 failed, lag 2.637 ms, 0 retried, 0 retries
progress: 780.0 s, 21.2 tps, lat 6.578 ms stddev 7.899, 0 failed, lag 2.588 ms, 0 retried, 0 retries
progress: 840.0 s, 20.1 tps, lat 8.078 ms stddev 52.034, 0 failed, lag 2.579 ms, 0 retried, 0 retries
progress: 900.0 s, 18.7 tps, lat 8.769 ms stddev 17.987, 0 failed, lag 3.461 ms, 0 retried, 0 retries
progress: 960.0 s, 20.1 tps, lat 7.809 ms stddev 40.337, 0 failed, lag 2.737 ms, 0 retried, 0 retries
progress: 1020.0 s, 20.2 tps, lat 7.945 ms stddev 14.654, 0 failed, lag 3.097 ms, 0 retried, 0 retries
progress: 1080.0 s, 18.2 tps, lat 10.584 ms stddev 88.182, 0 failed, lag 2.656 ms, 0 retried, 0 retries
progress: 1140.0 s, 19.9 tps, lat 9.129 ms stddev 50.244, 0 failed, lag 2.683 ms, 0 retried, 0 retries
progress: 1200.0 s, 20.7 tps, lat 9.086 ms stddev 59.404, 0 failed, lag 2.906 ms, 0 retried, 0 retries
progress: 1260.0 s, 19.2 tps, lat 7.286 ms stddev 13.265, 0 failed, lag 2.746 ms, 0 retried, 0 retries
progress: 1320.0 s, 20.2 tps, lat 7.851 ms stddev 14.037, 0 failed, lag 2.795 ms, 0 retried, 0 retries
progress: 1380.0 s, 19.9 tps, lat 6.296 ms stddev 6.752, 0 failed, lag 2.575 ms, 0 retried, 0 retries
progress: 1440.0 s, 19.3 tps, lat 10.207 ms stddev 75.190, 0 failed, lag 2.858 ms, 0 retried, 0 retries
progress: 1500.0 s, 19.0 tps, lat 6.728 ms stddev 7.873, 0 failed, lag 2.585 ms, 0 retried, 0 retries
progress: 1560.0 s, 19.8 tps, lat 7.081 ms stddev 10.552, 0 failed, lag 2.913 ms, 0 retried, 0 retries
progress: 1620.0 s, 19.4 tps, lat 6.528 ms stddev 8.923, 0 failed, lag 2.642 ms, 0 retried, 0 retries
progress: 1680.0 s, 19.9 tps, lat 6.628 ms stddev 8.487, 0 failed, lag 2.696 ms, 0 retried, 0 retries
progress: 1740.0 s, 20.0 tps, lat 6.615 ms stddev 8.175, 0 failed, lag 2.598 ms, 0 retried, 0 retries
progress: 1800.0 s, 19.8 tps, lat 7.226 ms stddev 10.656, 0 failed, lag 2.699 ms, 0 retried, 0 retries
progress: 1860.0 s, 19.8 tps, lat 7.141 ms stddev 11.402, 0 failed, lag 2.737 ms, 0 retried, 0 retries
progress: 1920.0 s, 19.7 tps, lat 7.442 ms stddev 12.819, 0 failed, lag 2.613 ms, 0 retried, 0 retries
progress: 1980.0 s, 19.0 tps, lat 6.743 ms stddev 9.837, 0 failed, lag 2.702 ms, 0 retried, 0 retries
progress: 2040.0 s, 20.0 tps, lat 6.044 ms stddev 9.056, 0 failed, lag 2.541 ms, 0 retried, 0 retries
progress: 2100.0 s, 19.2 tps, lat 7.004 ms stddev 8.990, 0 failed, lag 2.644 ms, 0 retried, 0 retries
progress: 2160.0 s, 19.7 tps, lat 7.211 ms stddev 11.876, 0 failed, lag 2.747 ms, 0 retried, 0 retries
progress: 2220.0 s, 20.2 tps, lat 7.140 ms stddev 12.883, 0 failed, lag 2.760 ms, 0 retried, 0 retries
progress: 2280.0 s, 20.3 tps, lat 10.066 ms stddev 67.163, 0 failed, lag 3.056 ms, 0 retried, 0 retries
progress: 2340.0 s, 20.3 tps, lat 8.826 ms stddev 70.052, 0 failed, lag 2.686 ms, 0 retried, 0 retries
progress: 2400.0 s, 20.0 tps, lat 6.524 ms stddev 7.665, 0 failed, lag 2.593 ms, 0 retried, 0 retries
progress: 2460.0 s, 20.8 tps, lat 7.062 ms stddev 10.773, 0 failed, lag 2.773 ms, 0 retried, 0 retries
progress: 2520.0 s, 19.9 tps, lat 6.941 ms stddev 10.188, 0 failed, lag 2.599 ms, 0 retried, 0 retries
progress: 2580.0 s, 19.9 tps, lat 8.630 ms stddev 71.451, 0 failed, lag 2.611 ms, 0 retried, 0 retries
progress: 2640.0 s, 19.4 tps, lat 6.526 ms stddev 7.719, 0 failed, lag 2.565 ms, 0 retried, 0 retries
progress: 2700.0 s, 19.6 tps, lat 7.170 ms stddev 12.470, 0 failed, lag 2.738 ms, 0 retried, 0 retries
progress: 2760.0 s, 20.3 tps, lat 7.392 ms stddev 13.155, 0 failed, lag 2.764 ms, 0 retried, 0 retries
progress: 2820.0 s, 20.3 tps, lat 7.108 ms stddev 10.883, 0 failed, lag 2.598 ms, 0 retried, 0 retries
progress: 2880.0 s, 20.5 tps, lat 8.115 ms stddev 14.034, 0 failed, lag 2.847 ms, 0 retried, 0 retries
progress: 2940.0 s, 19.3 tps, lat 11.165 ms stddev 85.705, 0 failed, lag 2.887 ms, 0 retried, 0 retries
progress: 3000.0 s, 19.5 tps, lat 7.443 ms stddev 13.987, 0 failed, lag 2.763 ms, 0 retried, 0 retries
progress: 3060.0 s, 20.5 tps, lat 8.112 ms stddev 15.050, 0 failed, lag 2.899 ms, 0 retried, 0 retries
progress: 3120.0 s, 20.0 tps, lat 12.441 ms stddev 104.363, 0 failed, lag 2.912 ms, 0 retried, 0 retries
progress: 3180.0 s, 21.2 tps, lat 7.741 ms stddev 13.115, 0 failed, lag 2.605 ms, 0 retried, 0 retries
progress: 3240.0 s, 21.1 tps, lat 6.243 ms stddev 6.292, 0 failed, lag 2.574 ms, 0 retried, 0 retries
progress: 3300.0 s, 19.8 tps, lat 7.260 ms stddev 12.541, 0 failed, lag 2.723 ms, 0 retried, 0 retries
progress: 3360.0 s, 20.0 tps, lat 7.522 ms stddev 12.575, 0 failed, lag 2.632 ms, 0 retried, 0 retries
progress: 3420.0 s, 20.5 tps, lat 7.003 ms stddev 10.877, 0 failed, lag 2.562 ms, 0 retried, 0 retries
progress: 3480.0 s, 20.3 tps, lat 7.281 ms stddev 11.275, 0 failed, lag 2.731 ms, 0 retried, 0 retries
progress: 3540.0 s, 19.9 tps, lat 7.265 ms stddev 10.083, 0 failed, lag 2.645 ms, 0 retried, 0 retries
progress: 3600.0 s, 19.4 tps, lat 7.792 ms stddev 13.259, 0 failed, lag 2.806 ms, 0 retried, 0 retries
progress: 3660.0 s, 19.5 tps, lat 6.847 ms stddev 8.977, 0 failed, lag 2.758 ms, 0 retried, 0 retries
progress: 3720.0 s, 19.8 tps, lat 8.422 ms stddev 15.285, 0 failed, lag 2.862 ms, 0 retried, 0 retries
progress: 3780.0 s, 20.0 tps, lat 7.119 ms stddev 11.828, 0 failed, lag 2.728 ms, 0 retried, 0 retries
progress: 3840.0 s, 19.5 tps, lat 6.321 ms stddev 7.850, 0 failed, lag 2.565 ms, 0 retried, 0 retries
progress: 3900.0 s, 19.9 tps, lat 7.108 ms stddev 13.529, 0 failed, lag 2.604 ms, 0 retried, 0 retries
progress: 3960.0 s, 20.2 tps, lat 7.010 ms stddev 8.615, 0 failed, lag 2.560 ms, 0 retried, 0 retries
progress: 4020.0 s, 20.2 tps, lat 6.861 ms stddev 10.110, 0 failed, lag 2.730 ms, 0 retried, 0 retries
progress: 4080.0 s, 20.4 tps, lat 7.718 ms stddev 14.276, 0 failed, lag 2.814 ms, 0 retried, 0 retries
progress: 4140.0 s, 19.7 tps, lat 7.160 ms stddev 10.660, 0 failed, lag 2.619 ms, 0 retried, 0 retries
progress: 4200.0 s, 20.8 tps, lat 6.961 ms stddev 11.242, 0 failed, lag 2.619 ms, 0 retried, 0 retries
progress: 4260.0 s, 20.7 tps, lat 7.414 ms stddev 11.036, 0 failed, lag 2.741 ms, 0 retried, 0 retries
progress: 4320.0 s, 20.1 tps, lat 6.355 ms stddev 8.058, 0 failed, lag 2.569 ms, 0 retried, 0 retries
progress: 4380.0 s, 20.4 tps, lat 7.511 ms stddev 12.993, 0 failed, lag 2.897 ms, 0 retried, 0 retries
progress: 4440.0 s, 20.1 tps, lat 8.262 ms stddev 16.434, 0 failed, lag 3.093 ms, 0 retried, 0 retries
progress: 4500.0 s, 20.4 tps, lat 9.357 ms stddev 32.640, 0 failed, lag 3.085 ms, 0 retried, 0 retries
progress: 4560.0 s, 18.8 tps, lat 8.463 ms stddev 15.452, 0 failed, lag 2.863 ms, 0 retried, 0 retries
progress: 4620.0 s, 19.2 tps, lat 7.934 ms stddev 14.709, 0 failed, lag 2.890 ms, 0 retried, 0 retries
progress: 4680.0 s, 20.6 tps, lat 7.732 ms stddev 27.486, 0 failed, lag 2.658 ms, 0 retried, 0 retries
progress: 4740.0 s, 19.6 tps, lat 8.579 ms stddev 18.272, 0 failed, lag 3.142 ms, 0 retried, 0 retries
progress: 4800.0 s, 20.0 tps, lat 8.447 ms stddev 15.392, 0 failed, lag 3.007 ms, 0 retried, 0 retries
progress: 4860.0 s, 20.3 tps, lat 8.636 ms stddev 18.285, 0 failed, lag 3.347 ms, 0 retried, 0 retries
progress: 4920.0 s, 19.5 tps, lat 7.391 ms stddev 14.278, 0 failed, lag 2.692 ms, 0 retried, 0 retries
progress: 4980.0 s, 20.2 tps, lat 6.899 ms stddev 9.686, 0 failed, lag 2.653 ms, 0 retried, 0 retries
progress: 5040.0 s, 19.8 tps, lat 7.613 ms stddev 40.856, 0 failed, lag 2.682 ms, 0 retried, 0 retries
progress: 5100.0 s, 21.2 tps, lat 7.056 ms stddev 10.653, 0 failed, lag 2.694 ms, 0 retried, 0 retries
progress: 5160.0 s, 19.8 tps, lat 7.017 ms stddev 10.162, 0 failed, lag 2.603 ms, 0 retried, 0 retries
progress: 5220.0 s, 20.3 tps, lat 7.279 ms stddev 10.695, 0 failed, lag 2.686 ms, 0 retried, 0 retries
progress: 5280.0 s, 19.9 tps, lat 7.742 ms stddev 15.390, 0 failed, lag 3.113 ms, 0 retried, 0 retries
progress: 5340.0 s, 19.3 tps, lat 7.578 ms stddev 15.230, 0 failed, lag 3.099 ms, 0 retried, 0 retries
transaction type: /soak/gen/churn.sql
scaling factor: 1
query mode: simple
number of clients: 4
number of threads: 2
maximum number of tries: 20
duration: 5400 s
number of transactions actually processed: 107733
number of failed transactions: 0 (0.000%)
number of serialization failures: 0 (0.000%)
number of deadlock failures: 0 (0.000%)
number of transactions retried: 0 (0.000%)
total number of retries: 0
latency average = 7.548 ms
latency stddev = 28.553 ms
rate limit schedule lag: avg 2.746 (max 201.718) ms
average connection time = 2.499 ms
tps = 19.950791 (including reconnection times)
