 Container pgtrace-loadgen-run-35b33f68b7e0 Creating 
 Container pgtrace-loadgen-run-35b33f68b7e0 Created 
pgbench (17.11 (Debian 17.11-1.pgdg13+2))
progress: 60.0 s, 20.8 tps, lat 27.131 ms stddev 201.753, 0 failed, lag 0.292 ms, 2 retried, 5 retries
progress: 120.0 s, 20.0 tps, lat 21.377 ms stddev 71.307, 0 failed, lag 0.134 ms, 1 retried, 1 retries
progress: 180.0 s, 19.0 tps, lat 17.623 ms stddev 26.756, 0 failed, lag 0.139 ms, 0 retried, 0 retries
progress: 240.0 s, 20.0 tps, lat 20.310 ms stddev 41.651, 0 failed, lag 0.080 ms, 1 retried, 1 retries
progress: 300.0 s, 20.2 tps, lat 19.326 ms stddev 48.051, 0 failed, lag 0.166 ms, 0 retried, 0 retries
progress: 360.0 s, 20.0 tps, lat 29.626 ms stddev 110.492, 0 failed, lag 6.353 ms, 1 retried, 1 retries
progress: 420.0 s, 20.0 tps, lat 82.989 ms stddev 433.192, 0 failed, lag 42.497 ms, 4 retried, 7 retries
progress: 480.0 s, 21.5 tps, lat 33.465 ms stddev 196.443, 0 failed, lag 0.667 ms, 4 retried, 12 retries
progress: 540.0 s, 20.1 tps, lat 25.654 ms stddev 152.377, 0 failed, lag 0.227 ms, 0 retried, 0 retries
progress: 600.0 s, 19.0 tps, lat 539.198 ms stddev 2268.901, 0 failed, lag 478.609 ms, 3 retried, 19 retries
progress: 660.0 s, 20.4 tps, lat 20.954 ms stddev 34.575, 0 failed, lag 0.290 ms, 0 retried, 0 retries
progress: 720.0 s, 19.8 tps, lat 18.508 ms stddev 29.748, 0 failed, lag 0.203 ms, 0 retried, 0 retries
progress: 780.0 s, 20.5 tps, lat 21.621 ms stddev 33.819, 0 failed, lag 0.288 ms, 0 retried, 0 retries
progress: 840.0 s, 20.0 tps, lat 23.282 ms stddev 120.674, 0 failed, lag 0.349 ms, 1 retried, 3 retries
progress: 900.0 s, 19.5 tps, lat 24.282 ms stddev 107.148, 0 failed, lag 0.194 ms, 1 retried, 2 retries
progress: 960.0 s, 19.2 tps, lat 23.860 ms stddev 124.329, 0 failed, lag 0.231 ms, 1 retried, 4 retries
progress: 1020.0 s, 20.4 tps, lat 28.228 ms stddev 160.813, 0 failed, lag 0.245 ms, 3 retried, 4 retries
progress: 1080.0 s, 19.9 tps, lat 88.833 ms stddev 481.555, 0 failed, lag 41.617 ms, 2 retried, 8 retries
progress: 1140.0 s, 18.7 tps, lat 22.998 ms stddev 52.945, 0 failed, lag 0.189 ms, 0 retried, 0 retries
progress: 1200.0 s, 20.0 tps, lat 25.787 ms stddev 104.300, 0 failed, lag 2.450 ms, 1 retried, 2 retries
progress: 1260.0 s, 20.3 tps, lat 19.821 ms stddev 31.975, 0 failed, lag 0.382 ms, 0 retried, 0 retries
progress: 1320.0 s, 19.5 tps, lat 27.078 ms stddev 151.107, 0 failed, lag 0.155 ms, 2 retried, 4 retries
progress: 1380.0 s, 20.9 tps, lat 23.128 ms stddev 94.676, 0 failed, lag 0.198 ms, 1 retried, 2 retries
progress: 1440.0 s, 20.5 tps, lat 49.510 ms stddev 265.674, 0 failed, lag 14.960 ms, 3 retried, 7 retries
progress: 1500.0 s, 20.3 tps, lat 36.076 ms stddev 358.709, 0 failed, lag 0.846 ms, 2 retried, 16 retries
progress: 1560.0 s, 19.6 tps, lat 29.571 ms stddev 139.030, 0 failed, lag 0.554 ms, 2 retried, 5 retries
progress: 1620.0 s, 19.8 tps, lat 45.540 ms stddev 207.333, 0 failed, lag 17.483 ms, 4 retried, 4 retries
progress: 1680.0 s, 19.6 tps, lat 22.375 ms stddev 38.036, 0 failed, lag 0.375 ms, 0 retried, 0 retries
progress: 1740.0 s, 19.5 tps, lat 22.077 ms stddev 43.517, 0 failed, lag 0.073 ms, 0 retried, 0 retries
progress: 1800.0 s, 19.5 tps, lat 35.422 ms stddev 204.769, 0 failed, lag 6.156 ms, 2 retried, 5 retries
progress: 1860.0 s, 20.7 tps, lat 21.625 ms stddev 71.869, 0 failed, lag 0.137 ms, 1 retried, 1 retries
progress: 1920.0 s, 19.9 tps, lat 19.988 ms stddev 36.782, 0 failed, lag 0.266 ms, 0 retried, 0 retries
progress: 1980.0 s, 19.9 tps, lat 21.590 ms stddev 33.886, 0 failed, lag 0.225 ms, 0 retried, 0 retries
progress: 2040.0 s, 20.2 tps, lat 23.649 ms stddev 119.988, 0 failed, lag 0.127 ms, 1 retried, 4 retries
progress: 2100.0 s, 19.0 tps, lat 74.701 ms stddev 483.241, 0 failed, lag 27.888 ms, 4 retried, 10 retries
progress: 2160.0 s, 20.2 tps, lat 24.889 ms stddev 96.018, 0 failed, lag 0.349 ms, 1 retried, 3 retries
progress: 2220.0 s, 19.9 tps, lat 41.665 ms stddev 274.142, 0 failed, lag 5.836 ms, 2 retried, 6 retries
progress: 2280.0 s, 19.8 tps, lat 35.259 ms stddev 267.938, 0 failed, lag 0.910 ms, 1 retried, 7 retries
progress: 2340.0 s, 19.7 tps, lat 21.969 ms stddev 71.350, 0 failed, lag 0.188 ms, 2 retried, 2 retries
progress: 2400.0 s, 20.2 tps, lat 37.595 ms stddev 267.874, 0 failed, lag 0.807 ms, 3 retried, 13 retries
progress: 2460.0 s, 20.4 tps, lat 25.310 ms stddev 62.584, 0 failed, lag 0.163 ms, 2 retried, 2 retries
progress: 2520.0 s, 19.6 tps, lat 80.082 ms stddev 422.784, 0 failed, lag 35.317 ms, 6 retried, 14 retries
progress: 2580.0 s, 19.3 tps, lat 24.829 ms stddev 97.527, 0 failed, lag 0.193 ms, 0 retried, 0 retries
progress: 2640.0 s, 19.8 tps, lat 22.498 ms stddev 149.346, 0 failed, lag 0.202 ms, 1 retried, 4 retries
progress: 2700.0 s, 20.3 tps, lat 20.287 ms stddev 49.473, 0 failed, lag 0.224 ms, 1 retried, 1 retries
progress: 2760.0 s, 21.7 tps, lat 21.051 ms stddev 33.254, 0 failed, lag 0.464 ms, 0 retried, 0 retries
progress: 2820.0 s, 21.0 tps, lat 24.616 ms stddev 110.283, 0 failed, lag 0.370 ms, 2 retried, 5 retries
progress: 2880.0 s, 20.7 tps, lat 23.831 ms stddev 81.813, 0 failed, lag 0.184 ms, 4 retried, 4 retries
progress: 2940.0 s, 21.1 tps, lat 22.403 ms stddev 44.888, 0 failed, lag 0.447 ms, 1 retried, 1 retries
progress: 3000.0 s, 19.9 tps, lat 29.973 ms stddev 176.802, 0 failed, lag 0.326 ms, 3 retried, 7 retries
progress: 3060.0 s, 20.2 tps, lat 21.731 ms stddev 45.843, 0 failed, lag 0.228 ms, 1 retried, 1 retries
progress: 3120.0 s, 19.6 tps, lat 29.895 ms stddev 152.525, 0 failed, lag 0.575 ms, 2 retried, 4 retries
progress: 3180.0 s, 20.7 tps, lat 96.631 ms stddev 557.311, 0 failed, lag 64.450 ms, 3 retried, 6 retries
progress: 3240.0 s, 19.5 tps, lat 29.513 ms stddev 267.625, 0 failed, lag 0.181 ms, 1 retried, 8 retries
progress: 3300.0 s, 20.0 tps, lat 26.443 ms stddev 93.174, 0 failed, lag 0.298 ms, 1 retried, 1 retries
progress: 3360.0 s, 19.2 tps, lat 54.997 ms stddev 351.937, 0 failed, lag 19.592 ms, 2 retried, 10 retries
progress: 3420.0 s, 19.8 tps, lat 17.936 ms stddev 29.573, 0 failed, lag 0.167 ms, 0 retried, 0 retries
progress: 3480.0 s, 20.3 tps, lat 23.636 ms stddev 48.561, 0 failed, lag 0.417 ms, 0 retried, 0 retries
progress: 3540.0 s, 20.2 tps, lat 26.364 ms stddev 116.742, 0 failed, lag 0.093 ms, 2 retried, 4 retries
progress: 3600.0 s, 20.6 tps, lat 28.152 ms stddev 142.852, 0 failed, lag 0.255 ms, 2 retried, 4 retries
progress: 3660.0 s, 20.1 tps, lat 67.453 ms stddev 335.224, 0 failed, lag 35.403 ms, 4 retried, 8 retries
progress: 3720.0 s, 20.9 tps, lat 28.102 ms stddev 111.235, 0 failed, lag 0.539 ms, 2 retried, 3 retries
progress: 3780.0 s, 20.0 tps, lat 21.858 ms stddev 45.671, 0 failed, lag 0.182 ms, 0 retried, 0 retries
progress: 3840.0 s, 19.5 tps, lat 20.681 ms stddev 91.924, 0 failed, lag 0.219 ms, 1 retried, 2 retries
progress: 3900.0 s, 19.9 tps, lat 40.781 ms stddev 242.598, 0 failed, lag 1.109 ms, 4 retried, 8 retries
progress: 3960.0 s, 20.4 tps, lat 20.391 ms stddev 44.751, 0 failed, lag 0.304 ms, 0 retried, 0 retries
progress: 4020.0 s, 20.8 tps, lat 27.029 ms stddev 201.840, 0 failed, lag 0.288 ms, 1 retried, 6 retries
progress: 4080.0 s, 20.7 tps, lat 30.054 ms stddev 75.017, 0 failed, lag 4.491 ms, 1 retried, 1 retries
progress: 4140.0 s, 19.6 tps, lat 23.284 ms stddev 91.100, 0 failed, lag 0.311 ms, 0 retried, 0 retries
progress: 4200.0 s, 20.4 tps, lat 22.633 ms stddev 117.858, 0 failed, lag 0.148 ms, 0 retried, 0 retries
progress: 4260.0 s, 20.2 tps, lat 126.288 ms stddev 702.692, 0 failed, lag 65.744 ms, 6 retried, 14 retries
progress: 4320.0 s, 20.0 tps, lat 19.777 ms stddev 32.688, 0 failed, lag 0.102 ms, 0 retried, 0 retries
progress: 4380.0 s, 19.5 tps, lat 90.924 ms stddev 604.414, 0 failed, lag 36.270 ms, 6 retried, 13 retries
progress: 4440.0 s, 19.5 tps, lat 96.247 ms stddev 454.134, 0 failed, lag 56.129 ms, 4 retried, 5 retries
progress: 4500.0 s, 20.2 tps, lat 66.201 ms stddev 535.810, 0 failed, lag 13.671 ms, 4 retried, 11 retries
progress: 4560.0 s, 20.4 tps, lat 22.939 ms stddev 43.080, 0 failed, lag 0.706 ms, 0 retried, 0 retries
progress: 4620.0 s, 19.8 tps, lat 28.099 ms stddev 93.943, 0 failed, lag 0.341 ms, 1 retried, 1 retries
progress: 4680.0 s, 20.2 tps, lat 22.521 ms stddev 43.250, 0 failed, lag 0.225 ms, 1 retried, 1 retries
progress: 4740.0 s, 19.5 tps, lat 29.410 ms stddev 164.501, 0 failed, lag 0.521 ms, 2 retried, 2 retries
progress: 4800.0 s, 20.0 tps, lat 36.317 ms stddev 135.950, 0 failed, lag 2.916 ms, 1 retried, 2 retries
progress: 4860.0 s, 20.4 tps, lat 27.811 ms stddev 95.613, 0 failed, lag 0.411 ms, 1 retried, 1 retries
progress: 4920.0 s, 21.3 tps, lat 25.443 ms stddev 149.692, 0 failed, lag 0.302 ms, 2 retried, 7 retries
progress: 4980.0 s, 19.5 tps, lat 23.339 ms stddev 42.533, 0 failed, lag 0.474 ms, 0 retried, 0 retries
progress: 5040.0 s, 20.1 tps, lat 22.090 ms stddev 44.533, 0 failed, lag 0.238 ms, 0 retried, 0 retries
progress: 5100.0 s, 20.4 tps, lat 21.547 ms stddev 34.295, 0 failed, lag 0.079 ms, 0 retried, 0 retries
progress: 5160.0 s, 18.8 tps, lat 27.567 ms stddev 128.921, 0 failed, lag 0.243 ms, 2 retried, 3 retries
progress: 5220.0 s, 19.6 tps, lat 21.602 ms stddev 84.571, 0 failed, lag 0.220 ms, 0 retried, 0 retries
progress: 5280.0 s, 18.9 tps, lat 26.804 ms stddev 116.053, 0 failed, lag 0.665 ms, 2 retried, 5 retries
progress: 5340.0 s, 19.2 tps, lat 28.543 ms stddev 116.636, 0 failed, lag 0.334 ms, 1 retried, 2 retries
progress: 5400.0 s, 18.9 tps, lat 20.341 ms stddev 31.091, 0 failed, lag 0.296 ms, 0 retried, 0 retries
transaction type: multiple scripts
scaling factor: 1
query mode: simple
number of clients: 8
number of threads: 4
maximum number of tries: 20
duration: 5400 s
number of transactions actually processed: 108010
number of failed transactions: 0 (0.000%)
number of serialization failures: 0 (0.000%)
number of deadlock failures: 0 (0.000%)
number of transactions retried: 136 (0.126%)
total number of retries: 329
latency average = 38.397 ms
latency stddev = 320.257 ms
rate limit schedule lag: avg 10.827 (max 15341.873) ms
initial connection time = 6.496 ms
tps = 20.001661 (without initial connection time)
SQL script 1: /soak/gen/big_insert_0.sql
 - weight: 6 (targets 6.0% of total)
 - 6648 transactions (6.2% of total, tps = 1.231099)
 - number of failed transactions: 0 (0.000%)
 - number of serialization failures: 0 (0.000%)
 - number of deadlock failures: 0 (0.000%)
 - number of transactions retried: 0 (0.000%)
 - total number of retries: 0
 - latency average = 35.377 ms
 - latency stddev = 318.892 ms
SQL script 2: /soak/gen/big_insert_1.sql
 - weight: 6 (targets 6.0% of total)
 - 6464 transactions (6.0% of total, tps = 1.197026)
 - number of failed transactions: 0 (0.000%)
 - number of serialization failures: 0 (0.000%)
 - number of deadlock failures: 0 (0.000%)
 - number of transactions retried: 0 (0.000%)
 - total number of retries: 0
 - latency average = 33.267 ms
 - latency stddev = 275.467 ms
SQL script 3: /soak/gen/big_insert_2.sql
 - weight: 6 (targets 6.0% of total)
 - 6476 transactions (6.0% of total, tps = 1.199248)
 - number of failed transactions: 0 (0.000%)
 - number of serialization failures: 0 (0.000%)
 - number of deadlock failures: 0 (0.000%)
 - number of transactions retried: 0 (0.000%)
 - total number of retries: 0
 - latency average = 35.911 ms
 - latency stddev = 350.669 ms
SQL script 4: /soak/gen/big_insert_3.sql
 - weight: 6 (targets 6.0% of total)
 - 6380 transactions (5.9% of total, tps = 1.181470)
 - number of failed transactions: 0 (0.000%)
 - number of serialization failures: 0 (0.000%)
 - number of deadlock failures: 0 (0.000%)
 - number of transactions retried: 0 (0.000%)
 - total number of retries: 0
 - latency average = 34.690 ms
 - latency stddev = 296.653 ms
SQL script 5: /soak/gen/big_replace_0.sql
 - weight: 8 (targets 8.0% of total)
 - 8670 transactions (8.0% of total, tps = 1.605540)
 - number of failed transactions: 0 (0.000%)
 - number of serialization failures: 0 (0.000%)
 - number of deadlock failures: 0 (0.000%)
 - number of transactions retried: 0 (0.000%)
 - total number of retries: 0
 - latency average = 15.597 ms
 - latency stddev = 180.539 ms
SQL script 6: /soak/gen/big_replace_1.sql
 - weight: 8 (targets 8.0% of total)
 - 8761 transactions (8.1% of total, tps = 1.622392)
 - number of failed transactions: 0 (0.000%)
 - number of serialization failures: 0 (0.000%)
 - number of deadlock failures: 0 (0.000%)
 - number of transactions retried: 0 (0.000%)
 - total number of retries: 0
 - latency average = 21.880 ms
 - latency stddev = 322.362 ms
SQL script 7: /soak/gen/big_replace_2.sql
 - weight: 8 (targets 8.0% of total)
 - 8728 transactions (8.1% of total, tps = 1.616281)
 - number of failed transactions: 0 (0.000%)
 - number of serialization failures: 0 (0.000%)
 - number of deadlock failures: 0 (0.000%)
 - number of transactions retried: 0 (0.000%)
 - total number of retries: 0
 - latency average = 16.369 ms
 - latency stddev = 157.551 ms
SQL script 8: /soak/gen/big_delete.sql
 - weight: 22 (targets 22.0% of total)
 - 23604 transactions (21.9% of total, tps = 4.371069)
 - number of failed transactions: 0 (0.000%)
 - number of serialization failures: 0 (0.000%)
 - number of deadlock failures: 0 (0.000%)
 - number of transactions retried: 119 (0.504%)
 - total number of retries: 312
 - latency average = 38.304 ms
 - latency stddev = 445.537 ms
SQL script 9: /soak/gen/big_txn.sql
 - weight: 30 (targets 30.0% of total)
 - 32279 transactions (29.9% of total, tps = 5.977535)
 - number of failed transactions: 0 (0.000%)
 - number of serialization failures: 0 (0.000%)
 - number of deadlock failures: 0 (0.000%)
 - number of transactions retried: 17 (0.053%)
 - total number of retries: 17
 - latency average = 57.906 ms
 - latency stddev = 274.642 ms
