 Container pgtrace-loadgen-run-3389b3951402 Creating 
 Container pgtrace-loadgen-run-3389b3951402 Created 
pgbench (17.11 (Debian 17.11-1.pgdg13+2))
progress: 60.0 s, 152.7 tps, lat 7.542 ms stddev 22.425, 0 failed, lag 0.057 ms, 1 retried, 1 retries
progress: 120.0 s, 148.0 tps, lat 12.495 ms stddev 26.594, 0 failed, lag 0.090 ms, 1 retried, 1 retries
progress: 180.0 s, 152.3 tps, lat 21.388 ms stddev 218.056, 0 failed, lag 0.476 ms, 8 retried, 10 retries
progress: 240.0 s, 148.8 tps, lat 16.926 ms stddev 65.259, 0 failed, lag 0.728 ms, 3 retried, 4 retries
progress: 300.0 s, 149.4 tps, lat 16.660 ms stddev 57.049, 0 failed, lag 0.509 ms, 2 retried, 2 retries
progress: 360.0 s, 147.4 tps, lat 12.365 ms stddev 20.271, 0 failed, lag 0.173 ms, 0 retried, 0 retries
progress: 420.0 s, 149.8 tps, lat 16.410 ms stddev 87.653, 0 failed, lag 0.235 ms, 1 retried, 1 retries
progress: 480.0 s, 151.5 tps, lat 17.259 ms stddev 145.201, 0 failed, lag 0.232 ms, 1 retried, 1 retries
progress: 540.0 s, 151.4 tps, lat 15.675 ms stddev 44.228, 0 failed, lag 0.368 ms, 0 retried, 0 retries
progress: 600.0 s, 150.0 tps, lat 21.527 ms stddev 146.022, 0 failed, lag 3.053 ms, 5 retried, 6 retries
progress: 660.0 s, 148.6 tps, lat 12.490 ms stddev 24.312, 0 failed, lag 0.165 ms, 0 retried, 0 retries
progress: 720.0 s, 149.8 tps, lat 18.733 ms stddev 150.405, 0 failed, lag 0.919 ms, 1 retried, 1 retries
progress: 780.0 s, 152.1 tps, lat 22.031 ms stddev 163.215, 0 failed, lag 2.339 ms, 2 retried, 4 retries
progress: 840.0 s, 147.9 tps, lat 16.584 ms stddev 85.049, 0 failed, lag 0.171 ms, 3 retried, 5 retries
progress: 900.0 s, 151.1 tps, lat 12.003 ms stddev 19.884, 0 failed, lag 0.089 ms, 0 retried, 0 retries
progress: 960.0 s, 149.6 tps, lat 16.349 ms stddev 31.272, 0 failed, lag 0.505 ms, 0 retried, 0 retries
progress: 1020.0 s, 150.3 tps, lat 17.850 ms stddev 86.263, 0 failed, lag 0.941 ms, 1 retried, 1 retries
progress: 1080.0 s, 149.3 tps, lat 18.446 ms stddev 49.028, 0 failed, lag 1.036 ms, 0 retried, 0 retries
progress: 1140.0 s, 148.5 tps, lat 15.118 ms stddev 28.102, 0 failed, lag 0.402 ms, 0 retried, 0 retries
progress: 1200.0 s, 151.8 tps, lat 14.129 ms stddev 62.226, 0 failed, lag 0.287 ms, 0 retried, 0 retries
progress: 1260.0 s, 150.5 tps, lat 15.998 ms stddev 40.693, 0 failed, lag 0.301 ms, 0 retried, 0 retries
progress: 1320.0 s, 152.5 tps, lat 15.519 ms stddev 51.675, 0 failed, lag 0.472 ms, 0 retried, 0 retries
progress: 1380.0 s, 150.2 tps, lat 18.525 ms stddev 44.244, 0 failed, lag 0.927 ms, 1 retried, 1 retries
progress: 1440.0 s, 146.8 tps, lat 18.037 ms stddev 96.454, 0 failed, lag 0.771 ms, 0 retried, 0 retries
progress: 1500.0 s, 148.9 tps, lat 19.206 ms stddev 79.419, 0 failed, lag 1.013 ms, 1 retried, 1 retries
progress: 1560.0 s, 149.1 tps, lat 21.804 ms stddev 147.298, 0 failed, lag 0.803 ms, 4 retried, 6 retries
progress: 1620.0 s, 151.0 tps, lat 14.490 ms stddev 33.534, 0 failed, lag 0.706 ms, 0 retried, 0 retries
progress: 1680.0 s, 149.9 tps, lat 17.509 ms stddev 63.539, 0 failed, lag 0.769 ms, 2 retried, 4 retries
progress: 1740.0 s, 151.2 tps, lat 16.239 ms stddev 46.313, 0 failed, lag 0.419 ms, 1 retried, 1 retries
progress: 1800.0 s, 151.5 tps, lat 16.150 ms stddev 33.447, 0 failed, lag 0.439 ms, 0 retried, 0 retries
progress: 1860.0 s, 147.8 tps, lat 16.123 ms stddev 36.685, 0 failed, lag 0.567 ms, 0 retried, 0 retries
progress: 1920.0 s, 148.2 tps, lat 19.255 ms stddev 76.482, 0 failed, lag 0.802 ms, 0 retried, 0 retries
progress: 1980.0 s, 149.6 tps, lat 18.040 ms stddev 48.503, 0 failed, lag 1.296 ms, 0 retried, 0 retries
progress: 2040.0 s, 150.6 tps, lat 18.300 ms stddev 61.575, 0 failed, lag 1.212 ms, 2 retried, 3 retries
progress: 2100.0 s, 147.8 tps, lat 15.297 ms stddev 37.836, 0 failed, lag 0.228 ms, 0 retried, 0 retries
progress: 2160.0 s, 148.7 tps, lat 17.306 ms stddev 124.072, 0 failed, lag 0.539 ms, 4 retried, 7 retries
progress: 2220.0 s, 152.9 tps, lat 19.133 ms stddev 91.074, 0 failed, lag 0.612 ms, 1 retried, 2 retries
progress: 2280.0 s, 148.9 tps, lat 19.237 ms stddev 82.779, 0 failed, lag 0.559 ms, 3 retried, 3 retries
progress: 2340.0 s, 151.8 tps, lat 16.584 ms stddev 42.974, 0 failed, lag 0.581 ms, 0 retried, 0 retries
progress: 2400.0 s, 150.0 tps, lat 16.945 ms stddev 42.064, 0 failed, lag 0.689 ms, 0 retried, 0 retries
progress: 2460.0 s, 150.3 tps, lat 31.363 ms stddev 177.180, 0 failed, lag 10.391 ms, 6 retried, 6 retries
progress: 2520.0 s, 151.6 tps, lat 19.370 ms stddev 92.557, 0 failed, lag 0.939 ms, 2 retried, 2 retries
progress: 2580.0 s, 151.7 tps, lat 18.757 ms stddev 71.312, 0 failed, lag 0.812 ms, 1 retried, 2 retries
progress: 2640.0 s, 153.4 tps, lat 21.076 ms stddev 95.660, 0 failed, lag 1.291 ms, 3 retried, 4 retries
progress: 2700.0 s, 153.1 tps, lat 20.740 ms stddev 70.980, 0 failed, lag 2.341 ms, 0 retried, 0 retries
progress: 2760.0 s, 148.1 tps, lat 17.979 ms stddev 35.871, 0 failed, lag 0.850 ms, 0 retried, 0 retries
progress: 2820.0 s, 148.4 tps, lat 15.855 ms stddev 45.089, 0 failed, lag 0.248 ms, 0 retried, 0 retries
progress: 2880.0 s, 152.6 tps, lat 16.246 ms stddev 72.196, 0 failed, lag 0.707 ms, 3 retried, 4 retries
progress: 2940.0 s, 148.5 tps, lat 19.806 ms stddev 91.579, 0 failed, lag 0.800 ms, 5 retried, 6 retries
progress: 3000.0 s, 153.8 tps, lat 24.132 ms stddev 140.243, 0 failed, lag 4.245 ms, 0 retried, 0 retries
progress: 3060.0 s, 149.8 tps, lat 16.136 ms stddev 26.463, 0 failed, lag 0.406 ms, 0 retried, 0 retries
progress: 3120.0 s, 147.5 tps, lat 18.872 ms stddev 104.312, 0 failed, lag 0.741 ms, 2 retried, 2 retries
progress: 3180.0 s, 151.0 tps, lat 18.066 ms stddev 42.654, 0 failed, lag 0.749 ms, 0 retried, 0 retries
progress: 3240.0 s, 149.2 tps, lat 17.648 ms stddev 44.348, 0 failed, lag 0.707 ms, 1 retried, 1 retries
progress: 3300.0 s, 148.8 tps, lat 15.032 ms stddev 39.785, 0 failed, lag 0.376 ms, 0 retried, 0 retries
progress: 3360.0 s, 149.7 tps, lat 18.117 ms stddev 39.997, 0 failed, lag 0.947 ms, 0 retried, 0 retries
progress: 3420.0 s, 149.7 tps, lat 15.546 ms stddev 33.246, 0 failed, lag 0.949 ms, 1 retried, 1 retries
progress: 3480.0 s, 152.0 tps, lat 19.028 ms stddev 57.024, 0 failed, lag 1.045 ms, 0 retried, 0 retries
progress: 3540.0 s, 150.8 tps, lat 19.019 ms stddev 118.937, 0 failed, lag 0.674 ms, 1 retried, 1 retries
progress: 3600.0 s, 145.2 tps, lat 17.844 ms stddev 86.722, 0 failed, lag 0.951 ms, 3 retried, 4 retries
progress: 3660.0 s, 150.3 tps, lat 20.395 ms stddev 41.375, 0 failed, lag 2.194 ms, 1 retried, 1 retries
progress: 3720.0 s, 149.0 tps, lat 16.571 ms stddev 54.232, 0 failed, lag 0.555 ms, 0 retried, 0 retries
progress: 3780.0 s, 147.3 tps, lat 14.828 ms stddev 33.208, 0 failed, lag 0.540 ms, 1 retried, 2 retries
progress: 3840.0 s, 149.3 tps, lat 15.753 ms stddev 56.436, 0 failed, lag 1.316 ms, 2 retried, 2 retries
progress: 3900.0 s, 152.2 tps, lat 17.170 ms stddev 41.900, 0 failed, lag 0.478 ms, 0 retried, 0 retries
progress: 3960.0 s, 150.9 tps, lat 19.652 ms stddev 131.941, 0 failed, lag 0.650 ms, 5 retried, 6 retries
progress: 4020.0 s, 149.7 tps, lat 20.558 ms stddev 129.920, 0 failed, lag 1.858 ms, 1 retried, 1 retries
progress: 4080.0 s, 151.5 tps, lat 16.383 ms stddev 84.615, 0 failed, lag 0.549 ms, 0 retried, 0 retries
progress: 4140.0 s, 148.8 tps, lat 16.325 ms stddev 37.130, 0 failed, lag 0.336 ms, 0 retried, 0 retries
progress: 4200.0 s, 150.3 tps, lat 18.798 ms stddev 131.986, 0 failed, lag 0.451 ms, 0 retried, 0 retries
progress: 4260.0 s, 151.1 tps, lat 17.258 ms stddev 31.866, 0 failed, lag 0.530 ms, 0 retried, 0 retries
progress: 4320.0 s, 148.2 tps, lat 15.563 ms stddev 37.094, 0 failed, lag 0.359 ms, 0 retried, 0 retries
progress: 4380.0 s, 151.5 tps, lat 17.789 ms stddev 79.704, 0 failed, lag 0.441 ms, 0 retried, 0 retries
progress: 4440.0 s, 149.2 tps, lat 14.503 ms stddev 27.850, 0 failed, lag 0.540 ms, 0 retried, 0 retries
progress: 4500.0 s, 146.7 tps, lat 19.807 ms stddev 106.253, 0 failed, lag 0.932 ms, 6 retried, 10 retries
progress: 4560.0 s, 149.7 tps, lat 17.161 ms stddev 47.911, 0 failed, lag 0.679 ms, 0 retried, 0 retries
progress: 4620.0 s, 147.2 tps, lat 14.529 ms stddev 40.421, 0 failed, lag 0.214 ms, 1 retried, 1 retries
progress: 4680.0 s, 152.3 tps, lat 14.217 ms stddev 35.386, 0 failed, lag 0.209 ms, 0 retried, 0 retries
progress: 4740.0 s, 148.7 tps, lat 17.169 ms stddev 48.259, 0 failed, lag 0.702 ms, 0 retried, 0 retries
progress: 4800.0 s, 148.7 tps, lat 16.842 ms stddev 93.480, 0 failed, lag 0.263 ms, 0 retried, 0 retries
progress: 4860.0 s, 149.2 tps, lat 13.715 ms stddev 25.647, 0 failed, lag 0.305 ms, 0 retried, 0 retries
progress: 4920.0 s, 153.8 tps, lat 16.491 ms stddev 43.566, 0 failed, lag 0.485 ms, 0 retried, 0 retries
progress: 4980.0 s, 146.7 tps, lat 17.995 ms stddev 46.303, 0 failed, lag 0.909 ms, 0 retried, 0 retries
progress: 5040.0 s, 149.0 tps, lat 15.153 ms stddev 42.933, 0 failed, lag 0.355 ms, 0 retried, 0 retries
progress: 5100.0 s, 151.4 tps, lat 17.252 ms stddev 33.279, 0 failed, lag 0.978 ms, 0 retried, 0 retries
progress: 5160.0 s, 149.9 tps, lat 20.229 ms stddev 66.684, 0 failed, lag 1.889 ms, 0 retried, 0 retries
progress: 5220.0 s, 146.7 tps, lat 16.618 ms stddev 43.550, 0 failed, lag 0.307 ms, 0 retried, 0 retries
progress: 5280.0 s, 147.4 tps, lat 18.611 ms stddev 130.614, 0 failed, lag 0.615 ms, 0 retried, 0 retries
progress: 5340.0 s, 149.1 tps, lat 15.761 ms stddev 44.122, 0 failed, lag 0.447 ms, 2 retried, 2 retries
transaction type: multiple scripts
scaling factor: 1
query mode: prepared
number of clients: 16
number of threads: 4
maximum number of tries: 20
duration: 5400 s
number of transactions actually processed: 809318
number of failed transactions: 0 (0.000%)
number of serialization failures: 0 (0.000%)
number of deadlock failures: 0 (0.000%)
number of transactions retried: 96 (0.012%)
total number of retries: 124
latency average = 17.354 ms
latency stddev = 79.395 ms
rate limit schedule lag: avg 0.860 (max 1455.938) ms
initial connection time = 13.409 ms
tps = 149.869506 (without initial connection time)
SQL script 1: /soak/gen/ext_insert.sql
 - weight: 25 (targets 25.0% of total)
 - 201840 transactions (24.9% of total, tps = 37.376731)
 - number of failed transactions: 0 (0.000%)
 - number of serialization failures: 0 (0.000%)
 - number of deadlock failures: 0 (0.000%)
 - number of transactions retried: 0 (0.000%)
 - total number of retries: 0
 - latency average = 16.710 ms
 - latency stddev = 46.735 ms
SQL script 2: /soak/gen/ext_update.sql
 - weight: 20 (targets 20.0% of total)
 - 161741 transactions (20.0% of total, tps = 29.951198)
 - number of failed transactions: 0 (0.000%)
 - number of serialization failures: 0 (0.000%)
 - number of deadlock failures: 0 (0.000%)
 - number of transactions retried: 94 (0.058%)
 - total number of retries: 121
 - latency average = 25.042 ms
 - latency stddev = 163.253 ms
SQL script 3: /soak/gen/ext_select.sql
 - weight: 30 (targets 30.0% of total)
 - 242978 transactions (30.0% of total, tps = 44.994666)
 - number of failed transactions: 0 (0.000%)
 - number of serialization failures: 0 (0.000%)
 - number of deadlock failures: 0 (0.000%)
 - number of transactions retried: 0 (0.000%)
 - total number of retries: 0
 - latency average = 23.941 ms
 - latency stddev = 31.214 ms
SQL script 4: /soak/gen/ext_jsonpath.sql
 - weight: 15 (targets 15.0% of total)
 - 121618 transactions (15.0% of total, tps = 22.521221)
 - number of failed transactions: 0 (0.000%)
 - number of serialization failures: 0 (0.000%)
 - number of deadlock failures: 0 (0.000%)
 - number of transactions retried: 0 (0.000%)
 - total number of retries: 0
 - latency average = 5.022 ms
 - latency stddev = 13.218 ms
SQL script 5: /soak/gen/ext_delete.sql
 - weight: 10 (targets 10.0% of total)
 - 81135 transactions (10.0% of total, tps = 15.024579)
 - number of failed transactions: 0 (0.000%)
 - number of serialization failures: 0 (0.000%)
 - number of deadlock failures: 0 (0.000%)
 - number of transactions retried: 2 (0.002%)
 - total number of retries: 3
 - latency average = 2.388 ms
 - latency stddev = 20.888 ms
