 Container pgtrace-loadgen-run-9a7f53105f08 Creating 
 Container pgtrace-loadgen-run-9a7f53105f08 Created 
pgbench (17.11 (Debian 17.11-1.pgdg13+2))
progress: 60.0 s, 19.1 tps, lat 10.374 ms stddev 21.029, 0 failed, lag 4.679 ms, 0 retried, 0 retries
progress: 120.0 s, 20.1 tps, lat 11.928 ms stddev 20.019, 0 failed, lag 5.115 ms, 0 retried, 0 retries
progress: 180.0 s, 19.5 tps, lat 11.184 ms stddev 17.578, 0 failed, lag 5.065 ms, 0 retried, 0 retries
progress: 240.0 s, 20.8 tps, lat 9.755 ms stddev 16.228, 0 failed, lag 4.701 ms, 0 retried, 0 retries
progress: 300.0 s, 19.5 tps, lat 13.490 ms stddev 76.593, 0 failed, lag 5.129 ms, 0 retried, 0 retries
progress: 360.0 s, 18.6 tps, lat 12.322 ms stddev 46.808, 0 failed, lag 4.879 ms, 0 retried, 0 retries
progress: 420.0 s, 21.3 tps, lat 10.493 ms stddev 14.424, 0 failed, lag 4.810 ms, 0 retried, 0 retries
progress: 480.0 s, 19.8 tps, lat 10.735 ms stddev 16.874, 0 failed, lag 5.124 ms, 0 retried, 0 retries
progress: 540.0 s, 19.7 tps, lat 11.295 ms stddev 19.024, 0 failed, lag 5.120 ms, 0 retried, 0 retries
progress: 600.0 s, 20.1 tps, lat 14.991 ms stddev 70.047, 0 failed, lag 6.197 ms, 0 retried, 0 retries
progress: 660.0 s, 19.7 tps, lat 10.648 ms stddev 14.099, 0 failed, lag 5.031 ms, 0 retried, 0 retries
progress: 720.0 s, 19.6 tps, lat 10.703 ms stddev 17.644, 0 failed, lag 4.794 ms, 0 retried, 0 retries
progress: 780.0 s, 19.5 tps, lat 12.306 ms stddev 23.766, 0 failed, lag 4.997 ms, 0 retried, 0 retries
progress: 840.0 s, 20.5 tps, lat 11.167 ms stddev 18.038, 0 failed, lag 4.943 ms, 0 retried, 0 retries
progress: 900.0 s, 19.6 tps, lat 13.295 ms stddev 24.823, 0 failed, lag 5.596 ms, 0 retried, 0 retries
progress: 960.0 s, 18.6 tps, lat 12.545 ms stddev 21.717, 0 failed, lag 5.648 ms, 0 retried, 0 retries
progress: 1020.0 s, 21.7 tps, lat 12.587 ms stddev 20.512, 0 failed, lag 5.460 ms, 0 retried, 0 retries
progress: 1080.0 s, 20.3 tps, lat 11.572 ms stddev 20.359, 0 failed, lag 4.946 ms, 0 retried, 0 retries
progress: 1140.0 s, 19.1 tps, lat 11.442 ms stddev 18.795, 0 failed, lag 5.056 ms, 0 retried, 0 retries
progress: 1200.0 s, 19.8 tps, lat 11.959 ms stddev 21.446, 0 failed, lag 5.129 ms, 0 retried, 0 retries
progress: 1260.0 s, 19.8 tps, lat 12.017 ms stddev 21.942, 0 failed, lag 5.277 ms, 0 retried, 0 retries
progress: 1320.0 s, 19.5 tps, lat 13.114 ms stddev 22.059, 0 failed, lag 5.754 ms, 0 retried, 0 retries
progress: 1380.0 s, 20.9 tps, lat 12.811 ms stddev 27.991, 0 failed, lag 5.477 ms, 0 retried, 0 retries
progress: 1440.0 s, 19.7 tps, lat 15.965 ms stddev 84.445, 0 failed, lag 5.485 ms, 0 retried, 0 retries
progress: 1500.0 s, 20.6 tps, lat 11.079 ms stddev 18.021, 0 failed, lag 5.056 ms, 0 retried, 0 retries
progress: 1560.0 s, 19.6 tps, lat 11.086 ms stddev 16.841, 0 failed, lag 4.780 ms, 0 retried, 0 retries
progress: 1620.0 s, 19.6 tps, lat 11.778 ms stddev 21.980, 0 failed, lag 5.082 ms, 0 retried, 0 retries
progress: 1680.0 s, 20.3 tps, lat 12.139 ms stddev 23.118, 0 failed, lag 5.699 ms, 0 retried, 0 retries
progress: 1740.0 s, 19.6 tps, lat 11.551 ms stddev 17.918, 0 failed, lag 5.048 ms, 0 retried, 0 retries
transaction type: /soak/gen/churn.sql
scaling factor: 1
query mode: simple
number of clients: 4
number of threads: 2
maximum number of tries: 20
duration: 1800 s
number of transactions actually processed: 35817
number of failed transactions: 0 (0.000%)
number of serialization failures: 0 (0.000%)
number of deadlock failures: 0 (0.000%)
number of transactions retried: 0 (0.000%)
total number of retries: 0
latency average = 11.922 ms
latency stddev = 31.807 ms
rate limit schedule lag: avg 5.171 (max 218.758) ms
average connection time = 4.607 ms
tps = 19.899001 (including reconnection times)
