 Container pgtrace-loadgen-run-6c6b7fbe15a0 Creating 
 Container pgtrace-loadgen-run-6c6b7fbe15a0 Created 
pgbench (17.11 (Debian 17.11-1.pgdg13+2))
progress: 60.0 s, 20.3 tps, lat 4.643 ms stddev 2.306, 0 failed, lag 2.737 ms, 0 retried, 0 retries
progress: 120.0 s, 19.8 tps, lat 6.597 ms stddev 8.094, 0 failed, lag 2.756 ms, 0 retried, 0 retries
progress: 180.0 s, 20.6 tps, lat 6.211 ms stddev 6.552, 0 failed, lag 2.738 ms, 0 retried, 0 retries
progress: 240.0 s, 19.8 tps, lat 7.285 ms stddev 9.929, 0 failed, lag 2.877 ms, 0 retried, 0 retries
progress: 300.0 s, 19.4 tps, lat 9.769 ms stddev 17.335, 0 failed, lag 3.364 ms, 0 retried, 0 retries
progress: 360.0 s, 20.2 tps, lat 6.568 ms stddev 7.374, 0 failed, lag 2.761 ms, 0 retried, 0 retries
progress: 420.0 s, 19.5 tps, lat 7.106 ms stddev 9.287, 0 failed, lag 2.766 ms, 0 retried, 0 retries
progress: 480.0 s, 19.7 tps, lat 6.570 ms stddev 7.108, 0 failed, lag 2.746 ms, 0 retried, 0 retries
progress: 540.0 s, 20.3 tps, lat 9.874 ms stddev 16.476, 0 failed, lag 3.533 ms, 0 retried, 0 retries
progress: 600.0 s, 20.2 tps, lat 6.930 ms stddev 9.048, 0 failed, lag 2.770 ms, 0 retried, 0 retries
progress: 660.0 s, 20.4 tps, lat 7.273 ms stddev 11.532, 0 failed, lag 2.822 ms, 0 retried, 0 retries
progress: 720.0 s, 20.2 tps, lat 7.277 ms stddev 10.312, 0 failed, lag 2.840 ms, 0 retried, 0 retries
progress: 780.0 s, 19.6 tps, lat 7.153 ms stddev 11.494, 0 failed, lag 2.894 ms, 0 retried, 0 retries
progress: 840.0 s, 20.2 tps, lat 6.719 ms stddev 9.803, 0 failed, lag 2.851 ms, 0 retried, 0 retries
progress: 900.0 s, 19.3 tps, lat 10.386 ms stddev 91.353, 0 failed, lag 3.028 ms, 0 retried, 0 retries
progress: 960.0 s, 19.9 tps, lat 7.270 ms stddev 9.818, 0 failed, lag 2.824 ms, 0 retried, 0 retries
progress: 1020.0 s, 19.9 tps, lat 6.882 ms stddev 9.262, 0 failed, lag 2.868 ms, 0 retried, 0 retries
progress: 1080.0 s, 19.7 tps, lat 6.320 ms stddev 6.752, 0 failed, lag 2.673 ms, 0 retried, 0 retries
progress: 1140.0 s, 20.8 tps, lat 6.497 ms stddev 8.059, 0 failed, lag 2.824 ms, 0 retried, 0 retries
progress: 1200.0 s, 19.8 tps, lat 6.857 ms stddev 11.374, 0 failed, lag 2.779 ms, 0 retried, 0 retries
progress: 1260.0 s, 20.1 tps, lat 8.253 ms stddev 13.901, 0 failed, lag 3.197 ms, 0 retried, 0 retries
progress: 1320.0 s, 19.8 tps, lat 7.436 ms stddev 10.564, 0 failed, lag 2.868 ms, 0 retried, 0 retries
progress: 1380.0 s, 19.9 tps, lat 6.852 ms stddev 8.934, 0 failed, lag 2.843 ms, 0 retried, 0 retries
progress: 1440.0 s, 19.8 tps, lat 6.675 ms stddev 7.488, 0 failed, lag 2.745 ms, 0 retried, 0 retries
progress: 1500.0 s, 19.7 tps, lat 7.591 ms stddev 12.741, 0 failed, lag 2.981 ms, 0 retried, 0 retries
progress: 1560.0 s, 19.8 tps, lat 7.731 ms stddev 13.495, 0 failed, lag 3.051 ms, 0 retried, 0 retries
progress: 1620.0 s, 19.3 tps, lat 7.641 ms stddev 11.967, 0 failed, lag 2.893 ms, 0 retried, 0 retries
progress: 1680.0 s, 19.9 tps, lat 7.241 ms stddev 9.646, 0 failed, lag 2.884 ms, 0 retried, 0 retries
progress: 1740.0 s, 19.5 tps, lat 7.015 ms stddev 10.079, 0 failed, lag 2.780 ms, 0 retried, 0 retries
progress: 1800.0 s, 19.2 tps, lat 7.287 ms stddev 10.501, 0 failed, lag 2.688 ms, 0 retried, 0 retries
progress: 1860.0 s, 20.3 tps, lat 7.850 ms stddev 15.812, 0 failed, lag 3.191 ms, 0 retried, 0 retries
progress: 1920.0 s, 20.0 tps, lat 7.152 ms stddev 9.499, 0 failed, lag 2.780 ms, 0 retried, 0 retries
progress: 1980.0 s, 20.7 tps, lat 9.448 ms stddev 83.892, 0 failed, lag 2.872 ms, 0 retried, 0 retries
progress: 2040.0 s, 19.8 tps, lat 7.961 ms stddev 15.467, 0 failed, lag 3.024 ms, 0 retried, 0 retries
progress: 2100.0 s, 19.4 tps, lat 7.602 ms stddev 13.129, 0 failed, lag 3.042 ms, 0 retried, 0 retries
progress: 2160.0 s, 20.5 tps, lat 7.658 ms stddev 10.929, 0 failed, lag 3.122 ms, 0 retried, 0 retries
progress: 2220.0 s, 19.5 tps, lat 6.792 ms stddev 7.801, 0 failed, lag 2.783 ms, 0 retried, 0 retries
progress: 2280.0 s, 19.8 tps, lat 7.943 ms stddev 13.243, 0 failed, lag 2.851 ms, 0 retried, 0 retries
progress: 2340.0 s, 19.3 tps, lat 8.341 ms stddev 16.582, 0 failed, lag 3.229 ms, 0 retried, 0 retries
progress: 2400.0 s, 20.6 tps, lat 8.117 ms stddev 16.407, 0 failed, lag 3.126 ms, 0 retried, 0 retries
progress: 2460.0 s, 20.3 tps, lat 6.772 ms stddev 9.237, 0 failed, lag 2.682 ms, 0 retried, 0 retries
progress: 2520.0 s, 19.8 tps, lat 6.920 ms stddev 8.369, 0 failed, lag 2.688 ms, 0 retried, 0 retries
progress: 2580.0 s, 20.0 tps, lat 7.097 ms stddev 10.681, 0 failed, lag 2.924 ms, 0 retried, 0 retries
progress: 2640.0 s, 19.0 tps, lat 6.782 ms stddev 20.672, 0 failed, lag 2.725 ms, 0 retried, 0 retries
progress: 2700.0 s, 19.7 tps, lat 9.687 ms stddev 80.161, 0 failed, lag 2.830 ms, 0 retried, 0 retries
progress: 2760.0 s, 20.0 tps, lat 7.718 ms stddev 10.706, 0 failed, lag 3.029 ms, 0 retried, 0 retries
progress: 2820.0 s, 19.9 tps, lat 11.089 ms stddev 101.249, 0 failed, lag 2.789 ms, 0 retried, 0 retries
progress: 2880.0 s, 19.6 tps, lat 8.920 ms stddev 18.185, 0 failed, lag 3.272 ms, 0 retried, 0 retries
progress: 2940.0 s, 20.8 tps, lat 6.970 ms stddev 8.629, 0 failed, lag 2.860 ms, 0 retried, 0 retries
progress: 3000.0 s, 20.0 tps, lat 7.523 ms stddev 11.872, 0 failed, lag 3.084 ms, 0 retried, 0 retries
progress: 3060.0 s, 19.4 tps, lat 7.327 ms stddev 10.637, 0 failed, lag 2.841 ms, 0 retried, 0 retries
progress: 3120.0 s, 20.6 tps, lat 7.646 ms stddev 11.366, 0 failed, lag 3.115 ms, 0 retried, 0 retries
progress: 3180.0 s, 20.6 tps, lat 7.273 ms stddev 9.920, 0 failed, lag 2.919 ms, 0 retried, 0 retries
progress: 3240.0 s, 19.4 tps, lat 7.174 ms stddev 13.015, 0 failed, lag 2.802 ms, 0 retried, 0 retries
progress: 3300.0 s, 19.9 tps, lat 6.917 ms stddev 9.718, 0 failed, lag 2.899 ms, 0 retried, 0 retries
progress: 3360.0 s, 19.8 tps, lat 7.244 ms stddev 11.696, 0 failed, lag 3.009 ms, 0 retried, 0 retries
progress: 3420.0 s, 19.3 tps, lat 6.597 ms stddev 7.018, 0 failed, lag 2.756 ms, 0 retried, 0 retries
progress: 3480.0 s, 19.9 tps, lat 8.821 ms stddev 59.263, 0 failed, lag 2.815 ms, 0 retried, 0 retries
progress: 3540.0 s, 20.9 tps, lat 7.055 ms stddev 8.199, 0 failed, lag 2.815 ms, 0 retried, 0 retries
progress: 3600.0 s, 20.2 tps, lat 7.442 ms stddev 12.097, 0 failed, lag 3.014 ms, 0 retried, 0 retries
progress: 3660.0 s, 19.5 tps, lat 9.846 ms stddev 97.633, 0 failed, lag 3.064 ms, 0 retried, 0 retries
progress: 3720.0 s, 20.8 tps, lat 8.002 ms stddev 11.981, 0 failed, lag 2.934 ms, 0 retried, 0 retries
progress: 3780.0 s, 20.3 tps, lat 7.229 ms stddev 8.633, 0 failed, lag 2.910 ms, 0 retried, 0 retries
progress: 3840.0 s, 21.0 tps, lat 6.594 ms stddev 6.769, 0 failed, lag 2.818 ms, 0 retried, 0 retries
progress: 3900.0 s, 19.6 tps, lat 6.715 ms stddev 7.049, 0 failed, lag 2.801 ms, 0 retried, 0 retries
progress: 3960.0 s, 19.6 tps, lat 7.136 ms stddev 10.068, 0 failed, lag 2.900 ms, 0 retried, 0 retries
progress: 4020.0 s, 20.0 tps, lat 6.006 ms stddev 4.925, 0 failed, lag 2.729 ms, 0 retried, 0 retries
progress: 4080.0 s, 19.9 tps, lat 7.037 ms stddev 18.193, 0 failed, lag 2.732 ms, 0 retried, 0 retries
progress: 4140.0 s, 21.0 tps, lat 8.145 ms stddev 55.227, 0 failed, lag 2.722 ms, 0 retried, 0 retries
progress: 4200.0 s, 19.5 tps, lat 6.895 ms stddev 12.136, 0 failed, lag 2.853 ms, 0 retried, 0 retries
progress: 4260.0 s, 20.3 tps, lat 7.474 ms stddev 12.084, 0 failed, lag 2.896 ms, 0 retried, 0 retries
progress: 4320.0 s, 20.3 tps, lat 8.639 ms stddev 32.252, 0 failed, lag 2.853 ms, 0 retried, 0 retries
progress: 4380.0 s, 20.5 tps, lat 8.704 ms stddev 17.534, 0 failed, lag 3.346 ms, 0 retried, 0 retries
progress: 4440.0 s, 20.6 tps, lat 7.799 ms stddev 12.478, 0 failed, lag 2.929 ms, 0 retried, 0 retries
progress: 4500.0 s, 20.7 tps, lat 7.328 ms stddev 9.305, 0 failed, lag 2.771 ms, 0 retried, 0 retries
progress: 4560.0 s, 20.6 tps, lat 7.939 ms stddev 14.702, 0 failed, lag 2.773 ms, 0 retried, 0 retries
progress: 4620.0 s, 18.6 tps, lat 6.605 ms stddev 7.432, 0 failed, lag 2.695 ms, 0 retried, 0 retries
progress: 4680.0 s, 19.7 tps, lat 8.008 ms stddev 15.414, 0 failed, lag 2.878 ms, 0 retried, 0 retries
progress: 4740.0 s, 20.4 tps, lat 6.778 ms stddev 8.567, 0 failed, lag 2.768 ms, 0 retried, 0 retries
progress: 4800.0 s, 19.3 tps, lat 6.709 ms stddev 8.338, 0 failed, lag 2.730 ms, 0 retried, 0 retries
progress: 4860.0 s, 19.5 tps, lat 6.674 ms stddev 9.204, 0 failed, lag 2.856 ms, 0 retried, 0 retries
progress: 4920.0 s, 20.1 tps, lat 8.115 ms stddev 12.188, 0 failed, lag 3.064 ms, 0 retried, 0 retries
progress: 4980.0 s, 20.2 tps, lat 7.424 ms stddev 10.541, 0 failed, lag 2.965 ms, 0 retried, 0 retries
progress: 5040.0 s, 20.8 tps, lat 7.697 ms stddev 11.268, 0 failed, lag 2.962 ms, 0 retried, 0 retries
progress: 5100.0 s, 20.0 tps, lat 7.620 ms stddev 9.487, 0 failed, lag 3.022 ms, 0 retried, 0 retries
progress: 5160.0 s, 20.3 tps, lat 10.330 ms stddev 81.570, 0 failed, lag 2.866 ms, 0 retried, 0 retries
progress: 5220.0 s, 20.0 tps, lat 7.052 ms stddev 7.762, 0 failed, lag 2.856 ms, 0 retried, 0 retries
progress: 5280.0 s, 19.9 tps, lat 7.225 ms stddev 10.976, 0 failed, lag 2.986 ms, 0 retried, 0 retries
progress: 5340.0 s, 19.6 tps, lat 7.131 ms stddev 10.153, 0 failed, lag 2.874 ms, 0 retried, 0 retries
transaction type: /soak/gen/churn.sql
scaling factor: 1
query mode: simple
number of clients: 4
number of threads: 2
maximum number of tries: 20
duration: 5400 s
number of transactions actually processed: 107881
number of failed transactions: 0 (0.000%)
number of serialization failures: 0 (0.000%)
number of deadlock failures: 0 (0.000%)
number of transactions retried: 0 (0.000%)
total number of retries: 0
latency average = 7.517 ms
latency stddev = 27.460 ms
rate limit schedule lag: avg 2.895 (max 172.044) ms
average connection time = 2.669 ms
tps = 19.977993 (including reconnection times)
