 Container pgtrace-loadgen-run-dfd0c79c072b Creating 
 Container pgtrace-loadgen-run-dfd0c79c072b Created 
pgbench (17.11 (Debian 17.11-1.pgdg13+2))
progress: 60.0 s, 151.9 tps, lat 8.367 ms stddev 64.054, 0 failed, lag 0.060 ms, 1 retried, 1 retries
progress: 120.0 s, 149.6 tps, lat 12.646 ms stddev 40.514, 0 failed, lag 0.085 ms, 1 retried, 1 retries
progress: 180.0 s, 153.6 tps, lat 12.819 ms stddev 70.044, 0 failed, lag 0.099 ms, 0 retried, 0 retries
progress: 240.0 s, 150.9 tps, lat 16.773 ms stddev 49.054, 0 failed, lag 0.740 ms, 0 retried, 0 retries
progress: 300.0 s, 153.7 tps, lat 49.723 ms stddev 173.616, 0 failed, lag 30.535 ms, 1 retried, 1 retries
progress: 360.0 s, 149.0 tps, lat 15.211 ms stddev 27.878, 0 failed, lag 0.308 ms, 1 retried, 1 retries
progress: 420.0 s, 151.2 tps, lat 14.630 ms stddev 33.454, 0 failed, lag 0.240 ms, 0 retried, 0 retries
progress: 480.0 s, 149.4 tps, lat 16.904 ms stddev 44.268, 0 failed, lag 0.933 ms, 0 retried, 0 retries
progress: 540.0 s, 149.2 tps, lat 20.247 ms stddev 67.828, 0 failed, lag 1.330 ms, 4 retried, 4 retries
progress: 600.0 s, 149.7 tps, lat 16.033 ms stddev 44.268, 0 failed, lag 0.296 ms, 1 retried, 1 retries
progress: 660.0 s, 150.6 tps, lat 18.299 ms stddev 114.551, 0 failed, lag 0.608 ms, 2 retried, 2 retries
progress: 720.0 s, 150.0 tps, lat 17.282 ms stddev 62.901, 0 failed, lag 0.379 ms, 1 retried, 1 retries
progress: 780.0 s, 148.3 tps, lat 16.440 ms stddev 45.492, 0 failed, lag 0.544 ms, 0 retried, 0 retries
progress: 840.0 s, 149.3 tps, lat 16.354 ms stddev 31.169, 0 failed, lag 0.739 ms, 0 retried, 0 retries
progress: 900.0 s, 148.6 tps, lat 18.668 ms stddev 86.560, 0 failed, lag 0.474 ms, 3 retried, 5 retries
progress: 960.0 s, 149.7 tps, lat 21.607 ms stddev 182.479, 0 failed, lag 0.551 ms, 4 retried, 5 retries
progress: 1020.0 s, 151.8 tps, lat 15.066 ms stddev 37.955, 0 failed, lag 0.422 ms, 0 retried, 0 retries
progress: 1080.0 s, 149.6 tps, lat 15.466 ms stddev 45.044, 0 failed, lag 0.468 ms, 0 retried, 0 retries
progress: 1140.0 s, 150.5 tps, lat 13.683 ms stddev 28.039, 0 failed, lag 0.264 ms, 0 retried, 0 retries
progress: 1200.0 s, 150.3 tps, lat 15.262 ms stddev 24.230, 0 failed, lag 0.262 ms, 0 retried, 0 retries
progress: 1260.0 s, 152.9 tps, lat 16.114 ms stddev 46.996, 0 failed, lag 0.523 ms, 1 retried, 1 retries
progress: 1320.0 s, 149.4 tps, lat 18.775 ms stddev 96.559, 0 failed, lag 0.272 ms, 3 retried, 4 retries
progress: 1380.0 s, 149.5 tps, lat 16.513 ms stddev 65.062, 0 failed, lag 0.435 ms, 4 retried, 4 retries
progress: 1440.0 s, 150.2 tps, lat 15.759 ms stddev 101.102, 0 failed, lag 0.378 ms, 3 retried, 4 retries
progress: 1500.0 s, 148.7 tps, lat 15.036 ms stddev 45.504, 0 failed, lag 0.344 ms, 2 retried, 2 retries
progress: 1560.0 s, 151.2 tps, lat 20.797 ms stddev 260.218, 0 failed, lag 0.654 ms, 6 retried, 16 retries
progress: 1620.0 s, 148.7 tps, lat 31.638 ms stddev 171.592, 0 failed, lag 6.862 ms, 6 retried, 6 retries
progress: 1680.0 s, 150.9 tps, lat 19.988 ms stddev 113.479, 0 failed, lag 0.396 ms, 4 retried, 4 retries
progress: 1740.0 s, 151.2 tps, lat 16.990 ms stddev 71.358, 0 failed, lag 0.281 ms, 4 retried, 5 retries
progress: 1800.0 s, 152.1 tps, lat 15.465 ms stddev 51.084, 0 failed, lag 0.307 ms, 2 retried, 2 retries
progress: 1860.0 s, 150.1 tps, lat 18.301 ms stddev 69.681, 0 failed, lag 0.639 ms, 0 retried, 0 retries
progress: 1920.0 s, 146.3 tps, lat 19.577 ms stddev 85.073, 0 failed, lag 1.107 ms, 2 retried, 2 retries
progress: 1980.0 s, 149.5 tps, lat 18.319 ms stddev 60.571, 0 failed, lag 0.402 ms, 3 retried, 3 retries
progress: 2040.0 s, 149.5 tps, lat 17.338 ms stddev 45.602, 0 failed, lag 0.500 ms, 0 retried, 0 retries
progress: 2100.0 s, 149.7 tps, lat 17.550 ms stddev 64.334, 0 failed, lag 0.545 ms, 1 retried, 1 retries
progress: 2160.0 s, 147.2 tps, lat 18.487 ms stddev 55.854, 0 failed, lag 0.744 ms, 3 retried, 3 retries
progress: 2220.0 s, 150.5 tps, lat 17.941 ms stddev 95.430, 0 failed, lag 0.271 ms, 1 retried, 1 retries
progress: 2280.0 s, 150.9 tps, lat 18.873 ms stddev 63.704, 0 failed, lag 1.300 ms, 1 retried, 1 retries
progress: 2340.0 s, 147.4 tps, lat 16.724 ms stddev 113.569, 0 failed, lag 0.211 ms, 0 retried, 0 retries
progress: 2400.0 s, 148.3 tps, lat 18.546 ms stddev 42.941, 0 failed, lag 1.039 ms, 2 retried, 2 retries
progress: 2460.0 s, 148.4 tps, lat 17.467 ms stddev 124.251, 0 failed, lag 0.238 ms, 0 retried, 0 retries
progress: 2520.0 s, 148.8 tps, lat 17.299 ms stddev 44.795, 0 failed, lag 0.651 ms, 2 retried, 3 retries
progress: 2580.0 s, 150.5 tps, lat 16.823 ms stddev 49.071, 0 failed, lag 0.329 ms, 1 retried, 1 retries
progress: 2640.0 s, 152.5 tps, lat 14.936 ms stddev 47.357, 0 failed, lag 0.141 ms, 0 retried, 0 retries
progress: 2700.0 s, 150.2 tps, lat 17.646 ms stddev 57.317, 0 failed, lag 0.386 ms, 4 retried, 4 retries
progress: 2760.0 s, 150.1 tps, lat 17.149 ms stddev 76.033, 0 failed, lag 0.210 ms, 0 retried, 0 retries
progress: 2820.0 s, 148.8 tps, lat 17.333 ms stddev 45.126, 0 failed, lag 0.320 ms, 1 retried, 2 retries
progress: 2880.0 s, 148.4 tps, lat 16.103 ms stddev 33.631, 0 failed, lag 0.651 ms, 1 retried, 1 retries
progress: 2940.0 s, 148.9 tps, lat 17.580 ms stddev 65.671, 0 failed, lag 0.366 ms, 3 retried, 3 retries
progress: 3000.0 s, 151.5 tps, lat 16.076 ms stddev 46.178, 0 failed, lag 0.456 ms, 0 retried, 0 retries
progress: 3060.0 s, 152.1 tps, lat 17.764 ms stddev 59.456, 0 failed, lag 0.479 ms, 0 retried, 0 retries
progress: 3120.0 s, 148.4 tps, lat 15.589 ms stddev 41.661, 0 failed, lag 0.126 ms, 1 retried, 1 retries
progress: 3180.0 s, 152.5 tps, lat 15.655 ms stddev 53.052, 0 failed, lag 0.276 ms, 3 retried, 3 retries
progress: 3240.0 s, 151.0 tps, lat 15.995 ms stddev 34.382, 0 failed, lag 0.473 ms, 0 retried, 0 retries
progress: 3300.0 s, 151.2 tps, lat 16.638 ms stddev 38.550, 0 failed, lag 0.557 ms, 0 retried, 0 retries
progress: 3360.0 s, 150.9 tps, lat 15.848 ms stddev 86.456, 0 failed, lag 0.303 ms, 3 retried, 3 retries
progress: 3420.0 s, 152.1 tps, lat 15.475 ms stddev 30.347, 0 failed, lag 0.304 ms, 0 retried, 0 retries
progress: 3480.0 s, 152.2 tps, lat 15.176 ms stddev 23.321, 0 failed, lag 0.211 ms, 0 retried, 0 retries
progress: 3540.0 s, 148.7 tps, lat 14.385 ms stddev 28.539, 0 failed, lag 0.151 ms, 1 retried, 1 retries
progress: 3600.0 s, 154.1 tps, lat 15.072 ms stddev 24.670, 0 failed, lag 0.317 ms, 0 retried, 0 retries
progress: 3660.0 s, 150.9 tps, lat 19.424 ms stddev 96.691, 0 failed, lag 0.461 ms, 3 retried, 3 retries
progress: 3720.0 s, 151.3 tps, lat 20.327 ms stddev 71.918, 0 failed, lag 0.603 ms, 3 retried, 3 retries
progress: 3780.0 s, 152.1 tps, lat 18.636 ms stddev 89.596, 0 failed, lag 0.903 ms, 0 retried, 0 retries
progress: 3840.0 s, 150.7 tps, lat 17.620 ms stddev 103.561, 0 failed, lag 0.140 ms, 3 retried, 4 retries
progress: 3900.0 s, 149.9 tps, lat 22.049 ms stddev 162.712, 0 failed, lag 0.423 ms, 8 retried, 10 retries
progress: 3960.0 s, 149.2 tps, lat 20.359 ms stddev 115.649, 0 failed, lag 0.770 ms, 4 retried, 5 retries
progress: 4020.0 s, 148.3 tps, lat 15.840 ms stddev 44.024, 0 failed, lag 0.281 ms, 0 retried, 0 retries
progress: 4080.0 s, 147.0 tps, lat 14.983 ms stddev 44.594, 0 failed, lag 0.257 ms, 3 retried, 4 retries
progress: 4140.0 s, 149.9 tps, lat 15.287 ms stddev 34.704, 0 failed, lag 0.293 ms, 0 retried, 0 retries
progress: 4200.0 s, 149.3 tps, lat 16.528 ms stddev 79.616, 0 failed, lag 0.706 ms, 1 retried, 1 retries
progress: 4260.0 s, 150.0 tps, lat 17.233 ms stddev 63.770, 0 failed, lag 0.620 ms, 1 retried, 1 retries
progress: 4320.0 s, 149.6 tps, lat 15.561 ms stddev 41.026, 0 failed, lag 0.538 ms, 0 retried, 0 retries
progress: 4380.0 s, 147.3 tps, lat 14.449 ms stddev 27.826, 0 failed, lag 0.368 ms, 1 retried, 1 retries
progress: 4440.0 s, 148.4 tps, lat 15.846 ms stddev 50.775, 0 failed, lag 0.320 ms, 0 retried, 0 retries
progress: 4500.0 s, 150.4 tps, lat 18.011 ms stddev 112.029, 0 failed, lag 0.258 ms, 4 retried, 4 retries
progress: 4560.0 s, 150.9 tps, lat 19.962 ms stddev 79.318, 0 failed, lag 2.190 ms, 2 retried, 3 retries
progress: 4620.0 s, 146.9 tps, lat 15.009 ms stddev 31.966, 0 failed, lag 0.356 ms, 2 retried, 2 retries
progress: 4680.0 s, 150.8 tps, lat 18.051 ms stddev 136.547, 0 failed, lag 0.549 ms, 4 retried, 4 retries
progress: 4740.0 s, 149.6 tps, lat 18.024 ms stddev 90.612, 0 failed, lag 0.588 ms, 4 retried, 4 retries
progress: 4800.0 s, 149.8 tps, lat 16.238 ms stddev 44.975, 0 failed, lag 0.262 ms, 0 retried, 0 retries
progress: 4860.0 s, 148.9 tps, lat 15.491 ms stddev 24.959, 0 failed, lag 0.268 ms, 0 retried, 0 retries
progress: 4920.0 s, 151.8 tps, lat 21.374 ms stddev 123.372, 0 failed, lag 0.846 ms, 4 retried, 5 retries
progress: 4980.0 s, 148.2 tps, lat 19.315 ms stddev 62.918, 0 failed, lag 0.583 ms, 0 retried, 0 retries
progress: 5040.0 s, 149.4 tps, lat 18.353 ms stddev 35.797, 0 failed, lag 0.683 ms, 0 retried, 0 retries
progress: 5100.0 s, 150.3 tps, lat 19.642 ms stddev 49.005, 0 failed, lag 0.933 ms, 0 retried, 0 retries
progress: 5160.0 s, 150.6 tps, lat 25.089 ms stddev 278.375, 0 failed, lag 0.316 ms, 7 retried, 10 retries
progress: 5220.0 s, 153.1 tps, lat 18.398 ms stddev 56.913, 0 failed, lag 0.956 ms, 0 retried, 0 retries
progress: 5280.0 s, 152.0 tps, lat 17.942 ms stddev 49.884, 0 failed, lag 0.365 ms, 1 retried, 1 retries
progress: 5340.0 s, 152.5 tps, lat 14.791 ms stddev 46.157, 0 failed, lag 0.218 ms, 0 retried, 0 retries
transaction type: multiple scripts
scaling factor: 1
query mode: prepared
number of clients: 16
number of threads: 4
maximum number of tries: 20
duration: 5400 s
number of transactions actually processed: 810533
number of failed transactions: 0 (0.000%)
number of serialization failures: 0 (0.000%)
number of deadlock failures: 0 (0.000%)
number of transactions retried: 142 (0.018%)
total number of retries: 170
latency average = 17.550 ms
latency stddev = 83.971 ms
rate limit schedule lag: avg 0.892 (max 1260.459) ms
initial connection time = 16.288 ms
tps = 150.098953 (without initial connection time)
SQL script 1: /soak/gen/ext_insert.sql
 - weight: 25 (targets 25.0% of total)
 - 202442 transactions (25.0% of total, tps = 37.489322)
 - number of failed transactions: 0 (0.000%)
 - number of serialization failures: 0 (0.000%)
 - number of deadlock failures: 0 (0.000%)
 - number of transactions retried: 0 (0.000%)
 - total number of retries: 0
 - latency average = 15.930 ms
 - latency stddev = 46.566 ms
SQL script 2: /soak/gen/ext_update.sql
 - weight: 20 (targets 20.0% of total)
 - 161956 transactions (20.0% of total, tps = 29.991902)
 - number of failed transactions: 0 (0.000%)
 - number of serialization failures: 0 (0.000%)
 - number of deadlock failures: 0 (0.000%)
 - number of transactions retried: 131 (0.081%)
 - total number of retries: 148
 - latency average = 24.528 ms
 - latency stddev = 161.265 ms
SQL script 3: /soak/gen/ext_select.sql
 - weight: 30 (targets 30.0% of total)
 - 243195 transactions (30.0% of total, tps = 45.036186)
 - number of failed transactions: 0 (0.000%)
 - number of serialization failures: 0 (0.000%)
 - number of deadlock failures: 0 (0.000%)
 - number of transactions retried: 0 (0.000%)
 - total number of retries: 0
 - latency average = 25.327 ms
 - latency stddev = 35.165 ms
SQL script 4: /soak/gen/ext_jsonpath.sql
 - weight: 15 (targets 15.0% of total)
 - 121808 transactions (15.0% of total, tps = 22.557075)
 - number of failed transactions: 0 (0.000%)
 - number of serialization failures: 0 (0.000%)
 - number of deadlock failures: 0 (0.000%)
 - number of transactions retried: 0 (0.000%)
 - total number of retries: 0
 - latency average = 5.112 ms
 - latency stddev = 17.859 ms
SQL script 5: /soak/gen/ext_delete.sql
 - weight: 10 (targets 10.0% of total)
 - 81118 transactions (10.0% of total, tps = 15.021877)
 - number of failed transactions: 0 (0.000%)
 - number of serialization failures: 0 (0.000%)
 - number of deadlock failures: 0 (0.000%)
 - number of transactions retried: 11 (0.014%)
 - total number of retries: 22
 - latency average = 3.010 ms
 - latency stddev = 90.543 ms
