 Container pgtrace-loadgen-run-82e00354cb5d Creating 
 Container pgtrace-loadgen-run-82e00354cb5d Created 
pgbench (17.11 (Debian 17.11-1.pgdg13+2))
progress: 60.0 s, 20.6 tps, lat 5.008 ms stddev 3.340, 0 failed, lag 2.732 ms, 0 retried, 0 retries
progress: 120.0 s, 19.5 tps, lat 9.601 ms stddev 21.025, 0 failed, lag 3.247 ms, 0 retried, 0 retries
progress: 180.0 s, 19.8 tps, lat 9.648 ms stddev 22.236, 0 failed, lag 3.038 ms, 0 retried, 0 retries
progress: 240.0 s, 20.6 tps, lat 8.327 ms stddev 15.324, 0 failed, lag 3.135 ms, 0 retried, 0 retries
progress: 300.0 s, 19.8 tps, lat 8.762 ms stddev 17.028, 0 failed, lag 3.217 ms, 0 retried, 0 retries
progress: 360.0 s, 21.4 tps, lat 8.735 ms stddev 19.269, 0 failed, lag 3.006 ms, 0 retried, 0 retries
progress: 420.0 s, 20.5 tps, lat 10.407 ms stddev 25.376, 0 failed, lag 3.860 ms, 0 retried, 0 retries
progress: 480.0 s, 21.1 tps, lat 10.370 ms stddev 25.363, 0 failed, lag 3.126 ms, 0 retried, 0 retries
progress: 540.0 s, 18.9 tps, lat 7.299 ms stddev 11.072, 0 failed, lag 2.666 ms, 0 retried, 0 retries
progress: 600.0 s, 19.7 tps, lat 9.787 ms stddev 22.826, 0 failed, lag 3.572 ms, 0 retried, 0 retries
progress: 660.0 s, 20.6 tps, lat 11.415 ms stddev 92.463, 0 failed, lag 3.036 ms, 0 retried, 0 retries
progress: 720.0 s, 20.5 tps, lat 13.125 ms stddev 81.624, 0 failed, lag 3.624 ms, 0 retried, 0 retries
progress: 780.0 s, 20.0 tps, lat 8.385 ms stddev 32.907, 0 failed, lag 2.740 ms, 0 retried, 0 retries
progress: 840.0 s, 20.6 tps, lat 10.886 ms stddev 26.248, 0 failed, lag 3.746 ms, 0 retried, 0 retries
progress: 900.0 s, 19.5 tps, lat 9.483 ms stddev 19.466, 0 failed, lag 3.021 ms, 0 retried, 0 retries
progress: 960.0 s, 21.4 tps, lat 9.797 ms stddev 21.950, 0 failed, lag 3.034 ms, 0 retried, 0 retries
progress: 1020.0 s, 19.6 tps, lat 9.613 ms stddev 19.522, 0 failed, lag 3.041 ms, 0 retried, 0 retries
progress: 1080.0 s, 19.0 tps, lat 7.584 ms stddev 12.988, 0 failed, lag 2.692 ms, 0 retried, 0 retries
progress: 1140.0 s, 19.6 tps, lat 8.406 ms stddev 14.283, 0 failed, lag 2.814 ms, 0 retried, 0 retries
progress: 1200.0 s, 20.3 tps, lat 8.531 ms stddev 16.205, 0 failed, lag 2.856 ms, 0 retried, 0 retries
progress: 1260.0 s, 20.1 tps, lat 11.598 ms stddev 27.828, 0 failed, lag 3.921 ms, 0 retried, 0 retries
progress: 1320.0 s, 19.7 tps, lat 11.556 ms stddev 28.213, 0 failed, lag 3.663 ms, 0 retried, 0 retries
progress: 1380.0 s, 20.2 tps, lat 10.589 ms stddev 27.994, 0 failed, lag 3.490 ms, 0 retried, 0 retries
progress: 1440.0 s, 20.1 tps, lat 10.533 ms stddev 27.284, 0 failed, lag 3.339 ms, 0 retried, 0 retries
progress: 1500.0 s, 19.8 tps, lat 7.884 ms stddev 12.638, 0 failed, lag 2.746 ms, 0 retried, 0 retries
progress: 1560.0 s, 20.1 tps, lat 11.291 ms stddev 26.967, 0 failed, lag 4.190 ms, 0 retried, 0 retries
progress: 1620.0 s, 19.9 tps, lat 8.935 ms stddev 18.589, 0 failed, lag 3.028 ms, 0 retried, 0 retries
progress: 1680.0 s, 19.6 tps, lat 9.075 ms stddev 20.189, 0 failed, lag 2.852 ms, 0 retried, 0 retries
progress: 1740.0 s, 20.9 tps, lat 8.682 ms stddev 20.777, 0 failed, lag 3.150 ms, 0 retried, 0 retries
progress: 1800.0 s, 20.1 tps, lat 9.850 ms stddev 64.270, 0 failed, lag 2.874 ms, 0 retried, 0 retries
progress: 1860.0 s, 20.0 tps, lat 11.730 ms stddev 33.671, 0 failed, lag 4.953 ms, 0 retried, 0 retries
progress: 1920.0 s, 20.2 tps, lat 10.788 ms stddev 69.181, 0 failed, lag 2.876 ms, 0 retried, 0 retries
progress: 1980.0 s, 19.8 tps, lat 10.895 ms stddev 24.285, 0 failed, lag 3.291 ms, 0 retried, 0 retries
progress: 2040.0 s, 20.1 tps, lat 10.944 ms stddev 24.280, 0 failed, lag 3.260 ms, 0 retried, 0 retries
progress: 2100.0 s, 19.7 tps, lat 10.286 ms stddev 27.458, 0 failed, lag 3.473 ms, 0 retried, 0 retries
progress: 2160.0 s, 20.6 tps, lat 10.083 ms stddev 21.311, 0 failed, lag 3.149 ms, 0 retried, 0 retries
progress: 2220.0 s, 20.6 tps, lat 8.849 ms stddev 17.477, 0 failed, lag 2.836 ms, 0 retried, 0 retries
progress: 2280.0 s, 19.9 tps, lat 9.819 ms stddev 21.995, 0 failed, lag 3.077 ms, 0 retried, 0 retries
progress: 2340.0 s, 19.6 tps, lat 10.944 ms stddev 28.532, 0 failed, lag 3.424 ms, 0 retried, 0 retries
progress: 2400.0 s, 19.8 tps, lat 10.298 ms stddev 23.978, 0 failed, lag 3.002 ms, 0 retried, 0 retries
progress: 2460.0 s, 20.6 tps, lat 10.118 ms stddev 24.592, 0 failed, lag 3.618 ms, 0 retried, 0 retries
progress: 2520.0 s, 20.3 tps, lat 12.538 ms stddev 81.913, 0 failed, lag 3.751 ms, 0 retried, 0 retries
progress: 2580.0 s, 19.3 tps, lat 9.268 ms stddev 21.483, 0 failed, lag 2.906 ms, 0 retried, 0 retries
progress: 2640.0 s, 20.4 tps, lat 8.966 ms stddev 17.887, 0 failed, lag 3.074 ms, 0 retried, 0 retries
progress: 2700.0 s, 20.8 tps, lat 10.643 ms stddev 25.405, 0 failed, lag 3.602 ms, 0 retried, 0 retries
progress: 2760.0 s, 19.6 tps, lat 10.623 ms stddev 27.392, 0 failed, lag 3.388 ms, 0 retried, 0 retries
progress: 2820.0 s, 20.1 tps, lat 9.851 ms stddev 23.071, 0 failed, lag 3.281 ms, 0 retried, 0 retries
progress: 2880.0 s, 19.2 tps, lat 9.701 ms stddev 21.791, 0 failed, lag 3.180 ms, 0 retried, 0 retries
progress: 2940.0 s, 19.9 tps, lat 10.867 ms stddev 26.470, 0 failed, lag 3.654 ms, 0 retried, 0 retries
progress: 3000.0 s, 20.5 tps, lat 8.543 ms stddev 16.093, 0 failed, lag 2.865 ms, 0 retried, 0 retries
progress: 3060.0 s, 20.2 tps, lat 11.295 ms stddev 28.694, 0 failed, lag 3.564 ms, 0 retried, 0 retries
progress: 3120.0 s, 19.9 tps, lat 10.713 ms stddev 28.447, 0 failed, lag 3.574 ms, 0 retried, 0 retries
progress: 3180.0 s, 20.4 tps, lat 9.480 ms stddev 23.983, 0 failed, lag 3.455 ms, 0 retried, 0 retries
progress: 3240.0 s, 19.5 tps, lat 11.175 ms stddev 27.974, 0 failed, lag 4.277 ms, 0 retried, 0 retries
progress: 3300.0 s, 20.4 tps, lat 10.422 ms stddev 23.599, 0 failed, lag 2.963 ms, 0 retried, 0 retries
progress: 3360.0 s, 19.9 tps, lat 8.943 ms stddev 20.776, 0 failed, lag 3.022 ms, 0 retried, 0 retries
progress: 3420.0 s, 20.5 tps, lat 10.027 ms stddev 23.619, 0 failed, lag 3.354 ms, 0 retried, 0 retries
progress: 3480.0 s, 20.7 tps, lat 11.156 ms stddev 56.043, 0 failed, lag 3.028 ms, 0 retried, 0 retries
progress: 3540.0 s, 21.1 tps, lat 7.917 ms stddev 12.889, 0 failed, lag 2.720 ms, 0 retried, 0 retries
progress: 3600.0 s, 20.2 tps, lat 10.167 ms stddev 72.306, 0 failed, lag 2.722 ms, 0 retried, 0 retries
progress: 3660.0 s, 19.9 tps, lat 10.341 ms stddev 25.183, 0 failed, lag 3.369 ms, 0 retried, 0 retries
progress: 3720.0 s, 20.3 tps, lat 10.462 ms stddev 29.604, 0 failed, lag 3.618 ms, 0 retried, 0 retries
progress: 3780.0 s, 20.9 tps, lat 8.792 ms stddev 18.642, 0 failed, lag 3.146 ms, 0 retried, 0 retries
progress: 3840.0 s, 20.3 tps, lat 10.127 ms stddev 23.881, 0 failed, lag 3.114 ms, 0 retried, 0 retries
progress: 3900.0 s, 19.5 tps, lat 12.600 ms stddev 96.569, 0 failed, lag 2.935 ms, 0 retried, 0 retries
progress: 3960.0 s, 20.3 tps, lat 9.201 ms stddev 18.579, 0 failed, lag 3.156 ms, 0 retried, 0 retries
progress: 4020.0 s, 19.9 tps, lat 8.071 ms stddev 14.010, 0 failed, lag 2.685 ms, 0 retried, 0 retries
progress: 4080.0 s, 20.7 tps, lat 9.308 ms stddev 18.151, 0 failed, lag 3.463 ms, 0 retried, 0 retries
progress: 4140.0 s, 19.7 tps, lat 8.771 ms stddev 16.614, 0 failed, lag 3.052 ms, 0 retried, 0 retries
progress: 4200.0 s, 21.0 tps, lat 8.736 ms stddev 18.115, 0 failed, lag 2.925 ms, 0 retried, 0 retries
progress: 4260.0 s, 20.6 tps, lat 17.001 ms stddev 119.449, 0 failed, lag 6.682 ms, 0 retried, 0 retries
progress: 4320.0 s, 20.6 tps, lat 10.135 ms stddev 22.002, 0 failed, lag 3.094 ms, 0 retried, 0 retries
progress: 4380.0 s, 20.1 tps, lat 8.961 ms stddev 18.534, 0 failed, lag 2.771 ms, 0 retried, 0 retries
progress: 4440.0 s, 19.5 tps, lat 10.803 ms stddev 81.497, 0 failed, lag 3.117 ms, 0 retried, 0 retries
progress: 4500.0 s, 20.3 tps, lat 8.427 ms stddev 15.782, 0 failed, lag 3.066 ms, 0 retried, 0 retries
progress: 4560.0 s, 20.4 tps, lat 7.977 ms stddev 14.512, 0 failed, lag 2.876 ms, 0 retried, 0 retries
progress: 4620.0 s, 20.1 tps, lat 11.617 ms stddev 67.366, 0 failed, lag 3.211 ms, 0 retried, 0 retries
progress: 4680.0 s, 19.6 tps, lat 9.636 ms stddev 21.005, 0 failed, lag 3.234 ms, 0 retried, 0 retries
progress: 4740.0 s, 21.2 tps, lat 9.909 ms stddev 23.362, 0 failed, lag 3.163 ms, 0 retried, 0 retries
progress: 4800.0 s, 20.8 tps, lat 8.454 ms stddev 14.352, 0 failed, lag 2.767 ms, 0 retried, 0 retries
progress: 4860.0 s, 20.3 tps, lat 8.930 ms stddev 19.383, 0 failed, lag 2.972 ms, 0 retried, 0 retries
progress: 4920.0 s, 19.7 tps, lat 12.014 ms stddev 81.089, 0 failed, lag 3.321 ms, 0 retried, 0 retries
progress: 4980.0 s, 19.3 tps, lat 8.853 ms stddev 17.162, 0 failed, lag 2.708 ms, 0 retried, 0 retries
progress: 5040.0 s, 21.1 tps, lat 12.807 ms stddev 70.117, 0 failed, lag 4.632 ms, 0 retried, 0 retries
progress: 5100.0 s, 19.9 tps, lat 8.678 ms stddev 17.975, 0 failed, lag 3.010 ms, 0 retried, 0 retries
progress: 5160.0 s, 19.4 tps, lat 10.217 ms stddev 90.132, 0 failed, lag 2.770 ms, 0 retried, 0 retries
progress: 5220.0 s, 18.9 tps, lat 8.433 ms stddev 15.150, 0 failed, lag 2.965 ms, 0 retried, 0 retries
progress: 5280.0 s, 19.7 tps, lat 7.656 ms stddev 11.354, 0 failed, lag 2.801 ms, 0 retried, 0 retries
progress: 5340.0 s, 21.0 tps, lat 12.436 ms stddev 89.501, 0 failed, lag 3.062 ms, 0 retried, 0 retries
transaction type: /soak/gen/churn.sql
scaling factor: 1
query mode: simple
number of clients: 4
number of threads: 2
maximum number of tries: 20
duration: 5400 s
number of transactions actually processed: 108749
number of failed transactions: 0 (0.000%)
number of serialization failures: 0 (0.000%)
number of deadlock failures: 0 (0.000%)
number of transactions retried: 0 (0.000%)
total number of retries: 0
latency average = 9.896 ms
latency stddev = 39.158 ms
rate limit schedule lag: avg 3.238 (max 437.582) ms
average connection time = 2.529 ms
tps = 20.138856 (including reconnection times)
